<html>
<body>
<pre>
<h1>µVision Build Log</h1>
<h2>Tool Versions:</h2>
IDE-Version: µVision V5.25.2.0
Copyright (C) 2018 ARM Ltd and ARM Germany GmbH. All rights reserved.
License Information: thiago pincinato university of Bern Flex license: MDK-ARM Professional: 50 user(s) (mdk_pro) Support: Aug 2018
 
Tool Versions:
Toolchain:       MDK-ARM Professional: 50 user(s)  Version: 5.25.2.0
Toolchain Path:  C:\Keil_v5\ARM\ARMCC\Bin
C Compiler:      Armcc.exe V5.06 update 6 (build 750)
Assembler:       Armasm.exe V5.06 update 6 (build 750)
Linker/Locator:  ArmLink.exe V5.06 update 6 (build 750)
Library Manager: ArmAr.exe V5.06 update 6 (build 750)
Hex Converter:   FromElf.exe V5.06 update 6 (build 750)
CPU DLL:         SARMCM3.DLL V5.25.2.0
Dialog DLL:      DCM.DLL V1.17.1.0
Target DLL:      STLink\ST-LINKIII-KEIL_SWO.dll V3.0.1.0
Dialog DLL:      TCM.DLL V1.35.1.0
 
<h2>Project:</h2>
C:\Users\THP\Desktop\Unibern\2018_02\Subjects\Programming_Microcontroller\Paeks\samples\My_Project\MDK-ARM\My_Project.uvprojx
Project File Date:  11/23/2018

<h2>Output:</h2>
*** Using Compiler 'V5.06 update 6 (build 750)', folder: 'C:\Keil_v5\ARM\ARMCC\Bin'
Build target 'My_Project'
compiling interface_ADC_pincinato.c...
..\..\Library\Library\src\interface_ADC_pincinato.c(131): warning:  #940-D: missing return statement at end of non-void function "getHeartRate" 
  }
..\..\Library\Library\src\interface_ADC_pincinato.c: 1 warning, 0 errors
compiling main.c...
../Src/main.c(168): warning:  #111-D: statement is unreachable
  	HAL_Delay(100);
../Src/main.c(93): warning:  #177-D: variable "adc_in"  was declared but never referenced
    static uint32_t adc_in;
../Src/main.c(94): warning:  #177-D: variable "buf"  was declared but never referenced
  	char buf[20]="";
../Src/main.c(95): warning:  #177-D: variable "distance"  was declared but never referenced
  	double distance;
../Src/main.c(146): warning:  #177-D: variable "categ"  was declared but never referenced
  	accel_Category categ;
../Src/main.c: 5 warnings, 0 errors
linking...
Program Size: Code=14348 RO-data=1472 RW-data=40 ZI-data=9136  
FromELF: creating hex file...
"My_Project\My_Project.axf" - 0 Error(s), 6 Warning(s).

<h2>Software Packages used:</h2>

Package Vendor: ARM
                http://www.keil.com/pack/ARM.CMSIS.5.4.0.pack
                ARM.CMSIS.5.4.0
                CMSIS (Cortex Microcontroller Software Interface Standard)
   * Component: CORE Version: 5.1.2

Package Vendor: Keil
                http://www.keil.com/pack/Keil.STM32F4xx_DFP.2.13.0.pack
                Keil.STM32F4xx_DFP.2.13.0
                STMicroelectronics STM32F4 Series Device Support, Drivers and Examples

<h2>Collection of Component include folders:</h2>
  .\RTE\_My_Project
  C:\Keil_v5\ARM\PACK\ARM\CMSIS\5.4.0\CMSIS\Core\Include
  C:\Keil_v5\ARM\PACK\Keil\STM32F4xx_DFP\2.13.0\Drivers\CMSIS\Device\ST\STM32F4xx\Include

<h2>Collection of Component Files used:</h2>

   * Component: ARM::CMSIS:CORE:5.1.2
Build Time Elapsed:  00:00:06
</pre>
</body>
</html>
