Component: ARM Compiler 5.06 update 6 (build 750) Tool: armlink [4d35ed]

==============================================================================

Section Cross References

    startup_stm32f446xx.o(RESET) refers to startup_stm32f446xx.o(STACK) for __initial_sp
    startup_stm32f446xx.o(RESET) refers to startup_stm32f446xx.o(.text) for Reset_Handler
    startup_stm32f446xx.o(RESET) refers to stm32f4xx_it.o(i.NMI_Handler) for NMI_Handler
    startup_stm32f446xx.o(RESET) refers to stm32f4xx_it.o(i.HardFault_Handler) for HardFault_Handler
    startup_stm32f446xx.o(RESET) refers to stm32f4xx_it.o(i.MemManage_Handler) for MemManage_Handler
    startup_stm32f446xx.o(RESET) refers to stm32f4xx_it.o(i.BusFault_Handler) for BusFault_Handler
    startup_stm32f446xx.o(RESET) refers to stm32f4xx_it.o(i.UsageFault_Handler) for UsageFault_Handler
    startup_stm32f446xx.o(RESET) refers to stm32f4xx_it.o(i.SVC_Handler) for SVC_Handler
    startup_stm32f446xx.o(RESET) refers to stm32f4xx_it.o(i.DebugMon_Handler) for DebugMon_Handler
    startup_stm32f446xx.o(RESET) refers to stm32f4xx_it.o(i.PendSV_Handler) for PendSV_Handler
    startup_stm32f446xx.o(RESET) refers to stm32f4xx_it.o(i.SysTick_Handler) for SysTick_Handler
    startup_stm32f446xx.o(RESET) refers to stm32f4xx_it.o(i.DMA1_Stream6_IRQHandler) for DMA1_Stream6_IRQHandler
    startup_stm32f446xx.o(RESET) refers to stm32f4xx_it.o(i.ADC_IRQHandler) for ADC_IRQHandler
    startup_stm32f446xx.o(RESET) refers to stm32f4xx_it.o(i.TIM3_IRQHandler) for TIM3_IRQHandler
    startup_stm32f446xx.o(RESET) refers to stm32f4xx_it.o(i.TIM5_IRQHandler) for TIM5_IRQHandler
    startup_stm32f446xx.o(.text) refers to system_stm32f4xx.o(i.SystemInit) for SystemInit
    startup_stm32f446xx.o(.text) refers to entry.o(.ARM.Collect$$$$00000000) for __main
    interface_accel_pincinato.o(i.calibrate) refers to filter_math_pincinato.o(i.clearIntegration) for clearIntegration
    interface_accel_pincinato.o(i.calibrate) refers to interface_accel_pincinato.o(.data) for .data
    interface_accel_pincinato.o(i.calibrate) refers to interface_accel_pincinato.o(.bss) for .bss
    interface_accel_pincinato.o(i.clearData) refers to filter_math_pincinato.o(i.clearIntegration) for clearIntegration
    interface_accel_pincinato.o(i.clearData) refers to filter_math_pincinato.o(i.clearAverageFilter) for clearAverageFilter
    interface_accel_pincinato.o(i.clearData) refers to interface_accel_pincinato.o(.data) for .data
    interface_accel_pincinato.o(i.clearData) refers to interface_accel_pincinato.o(.bss) for .bss
    interface_accel_pincinato.o(i.getACCELCategory) refers to interface_accel_pincinato.o(i.getDistance) for getDistance
    interface_accel_pincinato.o(i.getACCELCategory) refers to cdrcmple.o(.text) for __aeabi_cdrcmple
    interface_accel_pincinato.o(i.getACCELCategory) refers to cdcmple.o(.text) for __aeabi_cdcmple
    interface_accel_pincinato.o(i.getACCELX) refers to interface_accel_pincinato.o(.bss) for .bss
    interface_accel_pincinato.o(i.getDistance) refers to f2d.o(.text) for __aeabi_f2d
    interface_accel_pincinato.o(i.getDistance) refers to filter_math_pincinato.o(i.clearIntegration) for clearIntegration
    interface_accel_pincinato.o(i.getDistance) refers to interface_accel_pincinato.o(.data) for .data
    interface_accel_pincinato.o(i.getDistance) refers to interface_accel_pincinato.o(.bss) for .bss
    interface_accel_pincinato.o(i.initACCELInterface) refers to filter_math_pincinato.o(i.initIntegration) for initIntegration
    interface_accel_pincinato.o(i.initACCELInterface) refers to filter_math_pincinato.o(i.initAverageFilter) for initAverageFilter
    interface_accel_pincinato.o(i.initACCELInterface) refers to stm32f4xx_hal_i2c.o(i.HAL_I2C_Master_Transmit) for HAL_I2C_Master_Transmit
    interface_accel_pincinato.o(i.initACCELInterface) refers to interface_accel_pincinato.o(i.clearData) for clearData
    interface_accel_pincinato.o(i.initACCELInterface) refers to interface_accel_pincinato.o(.bss) for .bss
    interface_accel_pincinato.o(i.initACCELInterface) refers to i2c.o(.bss) for hi2c1
    interface_accel_pincinato.o(i.interruptTimerACCELCallback) refers to interface_accel_pincinato.o(.data) for .data
    interface_accel_pincinato.o(i.interruptTimerACCELCallback) refers to tim.o(.bss) for htim3
    interface_accel_pincinato.o(i.readAccel) refers to stm32f4xx_hal_i2c.o(i.HAL_I2C_Master_Transmit) for HAL_I2C_Master_Transmit
    interface_accel_pincinato.o(i.readAccel) refers to stm32f4xx_hal_i2c.o(i.HAL_I2C_Master_Receive) for HAL_I2C_Master_Receive
    interface_accel_pincinato.o(i.readAccel) refers to interface_accel_pincinato.o(i.valueToG) for valueToG
    interface_accel_pincinato.o(i.readAccel) refers to filter_math_pincinato.o(i.filterAverageCompute) for filterAverageCompute
    interface_accel_pincinato.o(i.readAccel) refers to filter_math_pincinato.o(i.integrationCompute) for integrationCompute
[...]
    .ARM.Collect$$$$0000000A                 0x080001cc   Section        0  entry8b.o(.ARM.Collect$$$$0000000A)
    .ARM.Collect$$$$0000000B                 0x080001cc   Section        8  entry9a.o(.ARM.Collect$$$$0000000B)
    .ARM.Collect$$$$0000000D                 0x080001d4   Section        0  entry10a.o(.ARM.Collect$$$$0000000D)
    .ARM.Collect$$$$0000000F                 0x080001d4   Section        0  entry11a.o(.ARM.Collect$$$$0000000F)
    .ARM.Collect$$$$00002712                 0x080001d4   Section        4  entry2.o(.ARM.Collect$$$$00002712)
    __lit__00000000                          0x080001d4   Data           4  entry2.o(.ARM.Collect$$$$00002712)
    .text                                    0x080001d8   Section       36  startup_stm32f446xx.o(.text)
    $v0                                      0x080001d8   Number         0  startup_stm32f446xx.o(.text)
    .text                                    0x080001fc   Section        0  uldiv.o(.text)
    .text                                    0x0800025e   Section        0  memseta.o(.text)
    .text                                    0x08000282   Section        0  strcat.o(.text)
    .text                                    0x0800029a   Section        0  dadd.o(.text)
    .text                                    0x080003e8   Section        0  f2d.o(.text)
    .text                                    0x08000410   Section       48  cdrcmple.o(.text)
    .text                                    0x08000440   Section        0  d2f.o(.text)
    .text                                    0x08000478   Section        0  uidiv.o(.text)
    .text                                    0x080004a4   Section        0  llshl.o(.text)
    .text                                    0x080004c2   Section        0  llushr.o(.text)
    .text                                    0x080004e2   Section        0  llsshr.o(.text)
    .text                                    0x08000506   Section        0  fepilogue.o(.text)
    .text                                    0x08000506   Section        0  iusefp.o(.text)
    .text                                    0x08000574   Section        0  depilogue.o(.text)
    .text                                    0x0800062e   Section        0  dmul.o(.text)
    .text                                    0x08000712   Section        0  ddiv.o(.text)
    .text                                    0x080007f0   Section        0  dfixul.o(.text)
    .text                                    0x08000820   Section       36  init.o(.text)
    i.ADC_IRQHandler                         0x08000844   Section        0  stm32f4xx_it.o(i.ADC_IRQHandler)
    i.ADC_Init                               0x08000860   Section        0  stm32f4xx_hal_adc.o(i.ADC_Init)
    ADC_Init                                 0x08000861   Thumb Code   280  stm32f4xx_hal_adc.o(i.ADC_Init)
    i.BusFault_Handler                       0x08000984   Section        0  stm32f4xx_it.o(i.BusFault_Handler)
    i.DMA1_Stream6_IRQHandler                0x08000988   Section        0  stm32f4xx_it.o(i.DMA1_Stream6_IRQHandler)
    i.DMA_CalcBaseAndBitshift                0x08000994   Section        0  stm32f4xx_hal_dma.o(i.DMA_CalcBaseAndBitshift)
    DMA_CalcBaseAndBitshift                  0x08000995   Thumb Code    34  stm32f4xx_hal_dma.o(i.DMA_CalcBaseAndBitshift)
    i.DMA_CheckFifoParam                     0x080009bc   Section        0  stm32f4xx_hal_dma.o(i.DMA_CheckFifoParam)
    DMA_CheckFifoParam                       0x080009bd   Thumb Code    84  stm32f4xx_hal_dma.o(i.DMA_CheckFifoParam)
    i.DebugMon_Handler                       0x08000a10   Section        0  stm32f4xx_it.o(i.DebugMon_Handler)
    i.HAL_ADCEx_InjectedConvCpltCallback     0x08000a12   Section        0  stm32f4xx_hal_adc_ex.o(i.HAL_ADCEx_InjectedConvCpltCallback)
    i.HAL_ADC_ConfigChannel                  0x08000a14   Section        0  stm32f4xx_hal_adc.o(i.HAL_ADC_ConfigChannel)
    i.HAL_ADC_ConvCpltCallback               0x08000b68   Section        0  interface_adc_pincinato.o(i.HAL_ADC_ConvCpltCallback)
    i.HAL_ADC_ErrorCallback                  0x08000bc0   Section        0  stm32f4xx_hal_adc.o(i.HAL_ADC_ErrorCallback)
    i.HAL_ADC_GetValue                       0x08000bc2   Section        0  stm32f4xx_hal_adc.o(i.HAL_ADC_GetValue)
    i.HAL_ADC_IRQHandler                     0x08000bc8   Section        0  stm32f4xx_hal_adc.o(i.HAL_ADC_IRQHandler)
    i.HAL_ADC_Init                           0x08000d04   Section        0  stm32f4xx_hal_adc.o(i.HAL_ADC_Init)
    i.HAL_ADC_LevelOutOfWindowCallback       0x08000d58   Section        0  stm32f4xx_hal_adc.o(i.HAL_ADC_LevelOutOfWindowCallback)
    i.HAL_ADC_MspInit                        0x08000d5c   Section        0  adc.o(i.HAL_ADC_MspInit)
    i.HAL_ADC_Start_IT                       0x08000dcc   Section        0  stm32f4xx_hal_adc.o(i.HAL_ADC_Start_IT)
    i.HAL_ADC_Stop_IT                        0x08000e94   Section        0  stm32f4xx_hal_adc.o(i.HAL_ADC_Stop_IT)
    i.HAL_DMA_IRQHandler                     0x08000edc   Section        0  stm32f4xx_hal_dma.o(i.HAL_DMA_IRQHandler)
    i.HAL_DMA_Init                           0x0800107c   Section        0  stm32f4xx_hal_dma.o(i.HAL_DMA_Init)
    i.HAL_Delay                              0x08001150   Section        0  stm32f4xx_hal.o(i.HAL_Delay)
    i.HAL_GPIO_Init                          0x08001174   Section        0  stm32f4xx_hal_gpio.o(i.HAL_GPIO_Init)
    i.HAL_GPIO_WritePin                      0x08001318   Section        0  stm32f4xx_hal_gpio.o(i.HAL_GPIO_WritePin)
    i.HAL_GetTick                            0x08001324   Section        0  stm32f4xx_hal.o(i.HAL_GetTick)
    i.HAL_I2C_Init                           0x08001330   Section        0  stm32f4xx_hal_i2c.o(i.HAL_I2C_Init)
    i.HAL_I2C_Master_Receive                 0x08001438   Section        0  stm32f4xx_hal_i2c.o(i.HAL_I2C_Master_Receive)
    i.HAL_I2C_Master_Transmit                0x08001620   Section        0  stm32f4xx_hal_i2c.o(i.HAL_I2C_Master_Transmit)
    i.HAL_I2C_MspInit                        0x08001758   Section        0  i2c.o(i.HAL_I2C_MspInit)
    i.HAL_IncTick                            0x080017a4   Section        0  stm32f4xx_hal.o(i.HAL_IncTick)
    i.HAL_Init                               0x080017b4   Section        0  stm32f4xx_hal.o(i.HAL_Init)
    i.HAL_InitTick                           0x080017e8   Section        0  stm32f4xx_hal.o(i.HAL_InitTick)
    i.HAL_MspInit                            0x08001828   Section        0  stm32f4xx_hal_msp.o(i.HAL_MspInit)
    i.HAL_NVIC_EnableIRQ                     0x080018ac   Section        0  stm32f4xx_hal_cortex.o(i.HAL_NVIC_EnableIRQ)
    i.HAL_NVIC_SetPriority                   0x080018c4   Section        0  stm32f4xx_hal_cortex.o(i.HAL_NVIC_SetPriority)
    i.HAL_NVIC_SetPriorityGrouping           0x08001904   Section        0  stm32f4xx_hal_cortex.o(i.HAL_NVIC_SetPriorityGrouping)
    i.HAL_PWREx_EnableOverDrive              0x08001928   Section        0  stm32f4xx_hal_pwr_ex.o(i.HAL_PWREx_EnableOverDrive)
    i.HAL_RCC_ClockConfig                    0x08001998   Section        0  stm32f4xx_hal_rcc.o(i.HAL_RCC_ClockConfig)
    i.HAL_RCC_GetHCLKFreq                    0x08001ac8   Section        0  stm32f4xx_hal_rcc.o(i.HAL_RCC_GetHCLKFreq)
    i.HAL_RCC_GetPCLK1Freq                   0x08001ad4   Section        0  stm32f4xx_hal_rcc.o(i.HAL_RCC_GetPCLK1Freq)
    i.HAL_RCC_GetPCLK2Freq                   0x08001af4   Section        0  stm32f4xx_hal_rcc.o(i.HAL_RCC_GetPCLK2Freq)
    i.HAL_RCC_GetSysClockFreq                0x08001b14   Section        0  stm32f4xx_hal_rcc_ex.o(i.HAL_RCC_GetSysClockFreq)
    i.HAL_RCC_OscConfig                      0x08001bac   Section        0  stm32f4xx_hal_rcc_ex.o(i.HAL_RCC_OscConfig)
    i.HAL_SPI_Init                           0x08001ef0   Section        0  stm32f4xx_hal_spi.o(i.HAL_SPI_Init)
    i.HAL_SPI_MspInit                        0x08001f70   Section        0  spi.o(i.HAL_SPI_MspInit)
    i.HAL_SPI_Transmit                       0x08001fbc   Section        0  stm32f4xx_hal_spi.o(i.HAL_SPI_Transmit)
    i.HAL_SYSTICK_CLKSourceConfig            0x08002124   Section        0  stm32f4xx_hal_cortex.o(i.HAL_SYSTICK_CLKSourceConfig)
    i.HAL_SYSTICK_Callback                   0x0800213c   Section        0  stm32f4xx_hal_cortex.o(i.HAL_SYSTICK_Callback)
    i.HAL_SYSTICK_Config                     0x0800213e   Section        0  stm32f4xx_hal_cortex.o(i.HAL_SYSTICK_Config)
    i.HAL_SYSTICK_IRQHandler                 0x08002166   Section        0  stm32f4xx_hal_cortex.o(i.HAL_SYSTICK_IRQHandler)
    i.HAL_TIMEx_BreakCallback                0x0800216e   Section        0  stm32f4xx_hal_tim_ex.o(i.HAL_TIMEx_BreakCallback)
    i.HAL_TIMEx_CommutationCallback          0x08002170   Section        0  stm32f4xx_hal_tim_ex.o(i.HAL_TIMEx_CommutationCallback)
    i.HAL_TIMEx_MasterConfigSynchronization  0x08002172   Section        0  stm32f4xx_hal_tim_ex.o(i.HAL_TIMEx_MasterConfigSynchronization)
    i.HAL_TIM_Base_Init                      0x080021c2   Section        0  stm32f4xx_hal_tim.o(i.HAL_TIM_Base_Init)
    i.HAL_TIM_Base_MspInit                   0x080021f8   Section        0  tim.o(i.HAL_TIM_Base_MspInit)
    i.HAL_TIM_Base_Start_IT                  0x0800225c   Section        0  stm32f4xx_hal_tim.o(i.HAL_TIM_Base_Start_IT)
    i.HAL_TIM_Base_Stop_IT                   0x08002274   Section        0  stm32f4xx_hal_tim.o(i.HAL_TIM_Base_Stop_IT)
    i.HAL_TIM_ConfigClockSource              0x0800229e   Section        0  stm32f4xx_hal_tim.o(i.HAL_TIM_ConfigClockSource)
    i.HAL_TIM_IC_CaptureCallback             0x08002390   Section        0  stm32f4xx_hal_tim.o(i.HAL_TIM_IC_CaptureCallback)
    i.HAL_TIM_IRQHandler                     0x08002392   Section        0  stm32f4xx_hal_tim.o(i.HAL_TIM_IRQHandler)
    i.HAL_TIM_MspPostInit                    0x080024f8   Section        0  tim.o(i.HAL_TIM_MspPostInit)
    i.HAL_TIM_OC_ConfigChannel               0x08002548   Section        0  stm32f4xx_hal_tim.o(i.HAL_TIM_OC_ConfigChannel)
    i.HAL_TIM_OC_DelayElapsedCallback        0x0800259e   Section        0  stm32f4xx_hal_tim.o(i.HAL_TIM_OC_DelayElapsedCallback)
    i.HAL_TIM_OC_Init                        0x080025a0   Section        0  stm32f4xx_hal_tim.o(i.HAL_TIM_OC_Init)
    i.HAL_TIM_OC_MspInit                     0x080025d6   Section        0  stm32f4xx_hal_tim.o(i.HAL_TIM_OC_MspInit)
    i.HAL_TIM_PWM_PulseFinishedCallback      0x080025d8   Section        0  stm32f4xx_hal_tim.o(i.HAL_TIM_PWM_PulseFinishedCallback)
    i.HAL_TIM_PeriodElapsedCallback          0x080025dc   Section        0  main.o(i.HAL_TIM_PeriodElapsedCallback)
    i.HAL_TIM_TriggerCallback                0x08002600   Section        0  stm32f4xx_hal_tim.o(i.HAL_TIM_TriggerCallback)
    i.HAL_UART_Init                          0x08002602   Section        0  stm32f4xx_hal_uart.o(i.HAL_UART_Init)
    i.HAL_UART_MspInit                       0x08002664   Section        0  usart.o(i.HAL_UART_MspInit)
    i.HardFault_Handler                      0x08002700   Section        0  stm32f4xx_it.o(i.HardFault_Handler)
    i.I2C_IsAcknowledgeFailed                0x08002702   Section        0  stm32f4xx_hal_i2c.o(i.I2C_IsAcknowledgeFailed)
    I2C_IsAcknowledgeFailed                  0x08002703   Thumb Code    40  stm32f4xx_hal_i2c.o(i.I2C_IsAcknowledgeFailed)
    i.I2C_MasterRequestRead                  0x0800272a   Section        0  stm32f4xx_hal_i2c.o(i.I2C_MasterRequestRead)
    I2C_MasterRequestRead                    0x0800272b   Thumb Code   222  stm32f4xx_hal_i2c.o(i.I2C_MasterRequestRead)
    i.I2C_MasterRequestWrite                 0x08002808   Section        0  stm32f4xx_hal_i2c.o(i.I2C_MasterRequestWrite)
    I2C_MasterRequestWrite                   0x08002809   Thumb Code   142  stm32f4xx_hal_i2c.o(i.I2C_MasterRequestWrite)
    i.I2C_WaitOnBTFFlagUntilTimeout          0x0800289c   Section        0  stm32f4xx_hal_i2c.o(i.I2C_WaitOnBTFFlagUntilTimeout)
    I2C_WaitOnBTFFlagUntilTimeout            0x0800289d   Thumb Code    78  stm32f4xx_hal_i2c.o(i.I2C_WaitOnBTFFlagUntilTimeout)
    i.I2C_WaitOnFlagUntilTimeout             0x080028ea   Section        0  stm32f4xx_hal_i2c.o(i.I2C_WaitOnFlagUntilTimeout)
    I2C_WaitOnFlagUntilTimeout               0x080028eb   Thumb Code    96  stm32f4xx_hal_i2c.o(i.I2C_WaitOnFlagUntilTimeout)
    i.I2C_WaitOnMasterAddressFlagUntilTimeout 0x0800294c   Section        0  stm32f4xx_hal_i2c.o(i.I2C_WaitOnMasterAddressFlagUntilTimeout)
    I2C_WaitOnMasterAddressFlagUntilTimeout  0x0800294d   Thumb Code   136  stm32f4xx_hal_i2c.o(i.I2C_WaitOnMasterAddressFlagUntilTimeout)
    i.I2C_WaitOnRXNEFlagUntilTimeout         0x080029d4   Section        0  stm32f4xx_hal_i2c.o(i.I2C_WaitOnRXNEFlagUntilTimeout)
    I2C_WaitOnRXNEFlagUntilTimeout           0x080029d5   Thumb Code    98  stm32f4xx_hal_i2c.o(i.I2C_WaitOnRXNEFlagUntilTimeout)
    i.I2C_WaitOnTXEFlagUntilTimeout          0x08002a36   Section        0  stm32f4xx_hal_i2c.o(i.I2C_WaitOnTXEFlagUntilTimeout)
    I2C_WaitOnTXEFlagUntilTimeout            0x08002a37   Thumb Code    78  stm32f4xx_hal_i2c.o(i.I2C_WaitOnTXEFlagUntilTimeout)
    i.MX_ADC1_Init                           0x08002a84   Section        0  adc.o(i.MX_ADC1_Init)
    i.MX_ADC2_Init                           0x08002af4   Section        0  adc.o(i.MX_ADC2_Init)
    i.MX_DMA_Init                            0x08002b64   Section        0  dma.o(i.MX_DMA_Init)
    i.MX_GPIO_Init                           0x08002b90   Section        0  gpio.o(i.MX_GPIO_Init)
    i.MX_I2C1_Init                           0x08002c78   Section        0  i2c.o(i.MX_I2C1_Init)
    i.MX_SPI1_Init                           0x08002ccc   Section        0  spi.o(i.MX_SPI1_Init)
    i.MX_TIM3_Init                           0x08002d28   Section        0  tim.o(i.MX_TIM3_Init)
    i.MX_TIM5_Init                           0x08002dd0   Section        0  tim.o(i.MX_TIM5_Init)
    i.MX_USART2_UART_Init                    0x08002e74   Section        0  usart.o(i.MX_USART2_UART_Init)
    i.MemManage_Handler                      0x08002ec0   Section        0  stm32f4xx_it.o(i.MemManage_Handler)
    i.NMI_Handler                            0x08002ec2   Section        0  stm32f4xx_it.o(i.NMI_Handler)
    i.NVIC_SetPriority                       0x08002ec4   Section        0  stm32f4xx_hal_cortex.o(i.NVIC_SetPriority)
    NVIC_SetPriority                         0x08002ec5   Thumb Code    32  stm32f4xx_hal_cortex.o(i.NVIC_SetPriority)
    i.PendSV_Handler                         0x08002ee4   Section        0  stm32f4xx_it.o(i.PendSV_Handler)
    i.SPI_CheckFlag_BSY                      0x08002ee6   Section        0  stm32f4xx_hal_spi.o(i.SPI_CheckFlag_BSY)
    SPI_CheckFlag_BSY                        0x08002ee7   Thumb Code    32  stm32f4xx_hal_spi.o(i.SPI_CheckFlag_BSY)
    i.SPI_WaitFlagStateUntilTimeout          0x08002f06   Section        0  stm32f4xx_hal_spi.o(i.SPI_WaitFlagStateUntilTimeout)
    SPI_WaitFlagStateUntilTimeout            0x08002f07   Thumb Code   150  stm32f4xx_hal_spi.o(i.SPI_WaitFlagStateUntilTimeout)
    i.SVC_Handler                            0x08002f9c   Section        0  stm32f4xx_it.o(i.SVC_Handler)
    i.SysTick_Handler                        0x08002f9e   Section        0  stm32f4xx_it.o(i.SysTick_Handler)
    i.SystemClock_Config                     0x08002fac   Section        0  main.o(i.SystemClock_Config)
    i.SystemInit                             0x08003054   Section        0  system_stm32f4xx.o(i.SystemInit)
    i.TIM3_IRQHandler                        0x080030a8   Section        0  stm32f4xx_it.o(i.TIM3_IRQHandler)
    i.TIM5_IRQHandler                        0x080030b4   Section        0  stm32f4xx_it.o(i.TIM5_IRQHandler)
    i.TIM_Base_SetConfig                     0x080030c0   Section        0  stm32f4xx_hal_tim.o(i.TIM_Base_SetConfig)
    i.TIM_ETR_SetConfig                      0x08003180   Section        0  stm32f4xx_hal_tim.o(i.TIM_ETR_SetConfig)
    TIM_ETR_SetConfig                        0x08003181   Thumb Code    20  stm32f4xx_hal_tim.o(i.TIM_ETR_SetConfig)
    i.TIM_ITRx_SetConfig                     0x08003194   Section        0  stm32f4xx_hal_tim.o(i.TIM_ITRx_SetConfig)
    TIM_ITRx_SetConfig                       0x08003195   Thumb Code    16  stm32f4xx_hal_tim.o(i.TIM_ITRx_SetConfig)
    i.TIM_OC1_SetConfig                      0x080031a4   Section        0  stm32f4xx_hal_tim.o(i.TIM_OC1_SetConfig)
    TIM_OC1_SetConfig                        0x080031a5   Thumb Code    80  stm32f4xx_hal_tim.o(i.TIM_OC1_SetConfig)
    i.TIM_OC2_SetConfig                      0x080031fc   Section        0  stm32f4xx_hal_tim.o(i.TIM_OC2_SetConfig)
    i.TIM_OC3_SetConfig                      0x08003260   Section        0  stm32f4xx_hal_tim.o(i.TIM_OC3_SetConfig)
    TIM_OC3_SetConfig                        0x08003261   Thumb Code    88  stm32f4xx_hal_tim.o(i.TIM_OC3_SetConfig)
    i.TIM_OC4_SetConfig                      0x080032c0   Section        0  stm32f4xx_hal_tim.o(i.TIM_OC4_SetConfig)
    TIM_OC4_SetConfig                        0x080032c1   Thumb Code    70  stm32f4xx_hal_tim.o(i.TIM_OC4_SetConfig)
    i.TIM_TI1_ConfigInputStage               0x08003310   Section        0  stm32f4xx_hal_tim.o(i.TIM_TI1_ConfigInputStage)
    TIM_TI1_ConfigInputStage                 0x08003311   Thumb Code    34  stm32f4xx_hal_tim.o(i.TIM_TI1_ConfigInputStage)
    i.TIM_TI2_ConfigInputStage               0x08003332   Section        0  stm32f4xx_hal_tim.o(i.TIM_TI2_ConfigInputStage)
    TIM_TI2_ConfigInputStage                 0x08003333   Thumb Code    36  stm32f4xx_hal_tim.o(i.TIM_TI2_ConfigInputStage)
    i.UART_SetConfig                         0x08003358   Section        0  stm32f4xx_hal_uart.o(i.UART_SetConfig)
    UART_SetConfig                           0x08003359   Thumb Code   676  stm32f4xx_hal_uart.o(i.UART_SetConfig)
    i.UsageFault_Handler                     0x08003604   Section        0  stm32f4xx_it.o(i.UsageFault_Handler)
    i._Error_Handler                         0x08003606   Section        0  main.o(i._Error_Handler)
    i.__0sprintf                             0x08003608   Section        0  printfa.o(i.__0sprintf)
    i.__scatterload_copy                     0x08003630   Section       14  handlers.o(i.__scatterload_copy)
    i.__scatterload_null                     0x0800363e   Section        2  handlers.o(i.__scatterload_null)
    i.__scatterload_zeroinit                 0x08003640   Section       14  handlers.o(i.__scatterload_zeroinit)
    i._fp_digits                             0x08003650   Section        0  printfa.o(i._fp_digits)
    _fp_digits                               0x08003651   Thumb Code   366  printfa.o(i._fp_digits)
    i._printf_core                           0x080037d4   Section        0  printfa.o(i._printf_core)
    _printf_core                             0x080037d5   Thumb Code  1744  printfa.o(i._printf_core)
    i._printf_post_padding                   0x08003eb0   Section        0  printfa.o(i._printf_post_padding)
    _printf_post_padding                     0x08003eb1   Thumb Code    36  printfa.o(i._printf_post_padding)
    i._printf_pre_padding                    0x08003ed4   Section        0  printfa.o(i._printf_pre_padding)
    _printf_pre_padding                      0x08003ed5   Thumb Code    46  printfa.o(i._printf_pre_padding)
    i._sputc                                 0x08003f02   Section        0  printfa.o(i._sputc)
    _sputc                                   0x08003f03   Thumb Code    10  printfa.o(i._sputc)
    i.calibrate                              0x08003f0c   Section        0  interface_accel_pincinato.o(i.calibrate)
    i.checkTable                             0x08003f44   Section        0  interface_usart_pincinato.o(i.checkTable)
    i.checkUart                              0x08003f54   Section        0  interface_usart_pincinato.o(i.checkUart)
    i.chipSelect                             0x08003f64   Section        0  lcd_driver.o(i.chipSelect)
    chipSelect                               0x08003f65   Thumb Code    12  lcd_driver.o(i.chipSelect)
    i.clearAverageFilter                     0x08003f74   Section        0  filter_math_pincinato.o(i.clearAverageFilter)
    i.clearBiquadsFilter                     0x08003fa0   Section        0  filter_math_pincinato.o(i.clearBiquadsFilter)
    i.clearData                              0x08003fd0   Section        0  interface_accel_pincinato.o(i.clearData)
    i.clearIntegration                       0x08004004   Section        0  filter_math_pincinato.o(i.clearIntegration)
    i.filterAverageCompute                   0x08004030   Section        0  filter_math_pincinato.o(i.filterAverageCompute)
    i.filterBiquadsCompute                   0x08004072   Section        0  filter_math_pincinato.o(i.filterBiquadsCompute)
    i.getDistance                            0x080040f4   Section        0  interface_accel_pincinato.o(i.getDistance)
    i.getHeartRate                           0x08004130   Section        0  interface_adc_pincinato.o(i.getHeartRate)
    i.initACCELInterface                     0x08004218   Section        0  interface_accel_pincinato.o(i.initACCELInterface)
    i.initADCInterface                       0x08004298   Section        0  interface_adc_pincinato.o(i.initADCInterface)
    i.initAverageFilter                      0x08004328   Section        0  filter_math_pincinato.o(i.initAverageFilter)
    i.initBiquadsFilter                      0x0800432e   Section        0  filter_math_pincinato.o(i.initBiquadsFilter)
    i.initFilter                             0x08004360   Section        0  interface_adc_pincinato.o(i.initFilter)
    i.initIntegration                        0x08004384   Section        0  filter_math_pincinato.o(i.initIntegration)
    i.initInterface                          0x08004390   Section        0  interface_usart_pincinato.o(i.initInterface)
    i.initLCD                                0x080043bc   Section        0  lcd_pincinato.o(i.initLCD)
    i.initTable                              0x080043ce   Section        0  structs_pincinato.o(i.initTable)
    i.integrationCompute                     0x080043da   Section        0  filter_math_pincinato.o(i.integrationCompute)
    i.integrationRelativeDistance            0x08004428   Section        0  filter_math_pincinato.o(i.integrationRelativeDistance)
    i.interruptTimerACCELCallback            0x08004484   Section        0  interface_accel_pincinato.o(i.interruptTimerACCELCallback)
    i.interruptTimerADCCallback              0x080044a0   Section        0  interface_adc_pincinato.o(i.interruptTimerADCCallback)
    i.lcd_clear                              0x080044ac   Section        0  lcd_driver.o(i.lcd_clear)
    i.lcd_init                               0x080044c8   Section        0  lcd_driver.o(i.lcd_init)
    i.lcd_setChar                            0x08004530   Section        0  lcd_driver.o(i.lcd_setChar)
    i.lcd_setContrast                        0x080045b0   Section        0  lcd_driver.o(i.lcd_setContrast)
    i.lcd_setPixel                           0x080045cc   Section        0  lcd_driver.o(i.lcd_setPixel)
    i.lcd_setString                          0x080045f4   Section        0  lcd_driver.o(i.lcd_setString)
    i.lcd_show                               0x08004634   Section        0  lcd_driver.o(i.lcd_show)
    i.main                                   0x08004674   Section        0  main.o(i.main)
    i.normalize                              0x080047d0   Section        0  filter_math_pincinato.o(i.normalize)
    i.readAccel                              0x08004814   Section        0  interface_accel_pincinato.o(i.readAccel)
    i.registerSelect                         0x080048a0   Section        0  lcd_driver.o(i.registerSelect)
    registerSelect                           0x080048a1   Thumb Code    12  lcd_driver.o(i.registerSelect)
    i.sendData                               0x080048b0   Section        0  lcd_driver.o(i.sendData)
    i.sendInstruction                        0x080048d8   Section        0  lcd_driver.o(i.sendInstruction)
    sendInstruction                          0x080048d9   Thumb Code    34  lcd_driver.o(i.sendInstruction)
    i.startACCELInterface                    0x08004900   Section        0  interface_accel_pincinato.o(i.startACCELInterface)
    i.startADCInterface                      0x08004930   Section        0  interface_adc_pincinato.o(i.startADCInterface)
    i.updateHeartRate                        0x08004944   Section        0  interface_adc_pincinato.o(i.updateHeartRate)
    i.valueToG                               0x08004974   Section        0  interface_accel_pincinato.o(i.valueToG)
    .constdata                               0x080049ac   Section       40  interface_adc_pincinato.o(.constdata)
    .constdata                               0x080049d4   Section      916  lcd_driver.o(.constdata)
    fontSizes                                0x080049d4   Data           4  lcd_driver.o(.constdata)
    .constdata                               0x08004d68   Section        8  stm32f4xx_hal_dma.o(.constdata)
    flagBitshiftOffset                       0x08004d68   Data           8  stm32f4xx_hal_dma.o(.constdata)
    .constdata                               0x08004d70   Section       16  system_stm32f4xx.o(.constdata)
    .constdata                               0x08004d80   Section        8  system_stm32f4xx.o(.constdata)
    .data                                    0x20000000   Section        8  interface_accel_pincinato.o(.data)
    readValid                                0x20000000   Data           1  interface_accel_pincinato.o(.data)
    count_interrupt                          0x20000004   Data           4  interface_accel_pincinato.o(.data)
    .data                                    0x20000008   Section        8  interface_adc_pincinato.o(.data)
    readyToUpdate                            0x20000008   Data           1  interface_adc_pincinato.o(.data)
    ret                                      0x2000000c   Data           4  interface_adc_pincinato.o(.data)
    .data                                    0x20000010   Section       12  interface_usart_pincinato.o(.data)
    .data                                    0x2000001c   Section       12  stm32f4xx_hal.o(.data)
    .data                                    0x20000028   Section        4  system_stm32f4xx.o(.data)
    .bss                                     0x2000002c   Section      316  interface_accel_pincinato.o(.bss)
    AccelProcess                             0x2000002c   Data         316  interface_accel_pincinato.o(.bss)
    .bss                                     0x20000168   Section     6536  interface_adc_pincinato.o(.bss)
    ADCprocess                               0x20000168   Data        6536  interface_adc_pincinato.o(.bss)
    .bss                                     0x20001af0   Section      512  lcd_driver.o(.bss)
    displayBuffer                            0x20001af0   Data         512  lcd_driver.o(.bss)
    .bss                                     0x20001cf0   Section      144  adc.o(.bss)
    .bss                                     0x20001d80   Section       84  i2c.o(.bss)
    .bss                                     0x20001dd4   Section       88  spi.o(.bss)
    .bss                                     0x20001e2c   Section      120  tim.o(.bss)
    .bss                                     0x20001ea4   Section      160  usart.o(.bss)
    STACK                                    0x20001f48   Section     1024  startup_stm32f446xx.o(STACK)

    Global Symbols

    Symbol Name                              Value     Ov Type        Size  Object(Section)

    BuildAttributes$$THM_ISAv4$E$P$D$K$B$S$7EM$VFPi3$EXTD16$VFPS$VFMA$PE$A:L22UL41UL21$X:L11$S22US41US21$IEEE1$IW$USESV6$~STKCKD$USESV7$~SHL$OTIME$ROPI$EBA8$MICROLIB$REQ8$PRES8$EABIv2 0x00000000   Number         0  anon$$obj.o ABSOLUTE
    __ARM_use_no_argv                        0x00000000   Number         0  main.o ABSOLUTE
    _printf_a                                0x00000000   Number         0  stubs.o ABSOLUTE
    _printf_c                                0x00000000   Number         0  stubs.o ABSOLUTE
    _printf_charcount                        0x00000000   Number         0  stubs.o ABSOLUTE
    _printf_d                                0x00000000   Number         0  stubs.o ABSOLUTE
    _printf_e                                0x00000000   Number         0  stubs.o ABSOLUTE
    _printf_f                                0x00000000   Number         0  stubs.o ABSOLUTE
    _printf_flags                            0x00000000   Number         0  stubs.o ABSOLUTE
    _printf_fp_dec                           0x00000000   Number         0  stubs.o ABSOLUTE
    _printf_fp_hex                           0x00000000   Number         0  stubs.o ABSOLUTE
    _printf_g                                0x00000000   Number         0  stubs.o ABSOLUTE
    _printf_i                                0x00000000   Number         0  stubs.o ABSOLUTE
    _printf_int_dec                          0x00000000   Number         0  stubs.o ABSOLUTE
    _printf_l                                0x00000000   Number         0  stubs.o ABSOLUTE
    _printf_lc                               0x00000000   Number         0  stubs.o ABSOLUTE
    _printf_ll                               0x00000000   Number         0  stubs.o ABSOLUTE
    _printf_lld                              0x00000000   Number         0  stubs.o ABSOLUTE
    _printf_lli                              0x00000000   Number         0  stubs.o ABSOLUTE
    _printf_llo                              0x00000000   Number         0  stubs.o ABSOLUTE
    _printf_llu                              0x00000000   Number         0  stubs.o ABSOLUTE
    _printf_llx                              0x00000000   Number         0  stubs.o ABSOLUTE
    _printf_longlong_dec                     0x00000000   Number         0  stubs.o ABSOLUTE
    _printf_longlong_hex                     0x00000000   Number         0  stubs.o ABSOLUTE
    _printf_longlong_oct                     0x00000000   Number         0  stubs.o ABSOLUTE
    _printf_ls                               0x00000000   Number         0  stubs.o ABSOLUTE
    _printf_mbtowc                           0x00000000   Number         0  stubs.o ABSOLUTE
    _printf_n                                0x00000000   Number         0  stubs.o ABSOLUTE
    _printf_o                                0x00000000   Number         0  stubs.o ABSOLUTE
    _printf_p                                0x00000000   Number         0  stubs.o ABSOLUTE
    _printf_percent                          0x00000000   Number         0  stubs.o ABSOLUTE
    _printf_pre_padding                      0x00000000   Number         0  stubs.o ABSOLUTE
    _printf_return_value                     0x00000000   Number         0  stubs.o ABSOLUTE
    _printf_s                                0x00000000   Number         0  stubs.o ABSOLUTE
    _printf_sizespec                         0x00000000   Number         0  stubs.o ABSOLUTE
    _printf_str                              0x00000000   Number         0  stubs.o ABSOLUTE
    _printf_truncate_signed                  0x00000000   Number         0  stubs.o ABSOLUTE
    _printf_truncate_unsigned                0x00000000   Number         0  stubs.o ABSOLUTE
    _printf_u                                0x00000000   Number         0  stubs.o ABSOLUTE
    _printf_wc                               0x00000000   Number         0  stubs.o ABSOLUTE
    _printf_wctomb                           0x00000000   Number         0  stubs.o ABSOLUTE
    _printf_widthprec                        0x00000000   Number         0  stubs.o ABSOLUTE
    _printf_x                                0x00000000   Number         0  stubs.o ABSOLUTE
    __cpp_initialize__aeabi_                  - Undefined Weak Reference
    __cxa_finalize                            - Undefined Weak Reference
    __decompress                              - Undefined Weak Reference
    _clock_init                               - Undefined Weak Reference
    _microlib_exit                            - Undefined Weak Reference
    __Vectors_Size                           0x000001c4   Number         0  startup_stm32f446xx.o ABSOLUTE
    __Vectors                                0x08000000   Data           4  startup_stm32f446xx.o(RESET)
    __Vectors_End                            0x080001c4   Data           0  startup_stm32f446xx.o(RESET)
    __main                                   0x080001c5   Thumb Code     0  entry.o(.ARM.Collect$$$$00000000)
    _main_stk                                0x080001c5   Thumb Code     0  entry2.o(.ARM.Collect$$$$00000001)
    _main_scatterload                        0x080001c9   Thumb Code     0  entry5.o(.ARM.Collect$$$$00000004)
    __main_after_scatterload                 0x080001cd   Thumb Code     0  entry5.o(.ARM.Collect$$$$00000004)
    _main_clock                              0x080001cd   Thumb Code     0  entry7b.o(.ARM.Collect$$$$00000008)
    _main_cpp_init                           0x080001cd   Thumb Code     0  entry8b.o(.ARM.Collect$$$$0000000A)
    _main_init                               0x080001cd   Thumb Code     0  entry9a.o(.ARM.Collect$$$$0000000B)
    __rt_final_cpp                           0x080001d5   Thumb Code     0  entry10a.o(.ARM.Collect$$$$0000000D)
    __rt_final_exit                          0x080001d5   Thumb Code     0  entry11a.o(.ARM.Collect$$$$0000000F)
    Reset_Handler                            0x080001d9   Thumb Code     8  startup_stm32f446xx.o(.text)
    CAN1_RX0_IRQHandler                      0x080001f3   Thumb Code     0  startup_stm32f446xx.o(.text)
    CAN1_RX1_IRQHandler                      0x080001f3   Thumb Code     0  startup_stm32f446xx.o(.text)
    CAN1_SCE_IRQHandler                      0x080001f3   Thumb Code     0  startup_stm32f446xx.o(.text)
    CAN1_TX_IRQHandler                       0x080001f3   Thumb Code     0  startup_stm32f446xx.o(.text)
    CAN2_RX0_IRQHandler                      0x080001f3   Thumb Code     0  startup_stm32f446xx.o(.text)
    CAN2_RX1_IRQHandler                      0x080001f3   Thumb Code     0  startup_stm32f446xx.o(.text)
    CAN2_SCE_IRQHandler                      0x080001f3   Thumb Code     0  startup_stm32f446xx.o(.text)
    CAN2_TX_IRQHandler                       0x080001f3   Thumb Code     0  startup_stm32f446xx.o(.text)
    CEC_IRQHandler                           0x080001f3   Thumb Code     0  startup_stm32f446xx.o(.text)
    DCMI_IRQHandler                          0x080001f3   Thumb Code     0  startup_stm32f446xx.o(.text)
    DMA1_Stream0_IRQHandler                  0x080001f3   Thumb Code     0  startup_stm32f446xx.o(.text)
    DMA1_Stream1_IRQHandler                  0x080001f3   Thumb Code     0  startup_stm32f446xx.o(.text)
    DMA1_Stream2_IRQHandler                  0x080001f3   Thumb Code     0  startup_stm32f446xx.o(.text)
    DMA1_Stream3_IRQHandler                  0x080001f3   Thumb Code     0  startup_stm32f446xx.o(.text)
    DMA1_Stream4_IRQHandler                  0x080001f3   Thumb Code     0  startup_stm32f446xx.o(.text)
    DMA1_Stream5_IRQHandler                  0x080001f3   Thumb Code     0  startup_stm32f446xx.o(.text)
    DMA1_Stream7_IRQHandler                  0x080001f3   Thumb Code     0  startup_stm32f446xx.o(.text)
    DMA2_Stream0_IRQHandler                  0x080001f3   Thumb Code     0  startup_stm32f446xx.o(.text)
    DMA2_Stream1_IRQHandler                  0x080001f3   Thumb Code     0  startup_stm32f446xx.o(.text)
    DMA2_Stream2_IRQHandler                  0x080001f3   Thumb Code     0  startup_stm32f446xx.o(.text)
    DMA2_Stream3_IRQHandler                  0x080001f3   Thumb Code     0  startup_stm32f446xx.o(.text)
    DMA2_Stream4_IRQHandler                  0x080001f3   Thumb Code     0  startup_stm32f446xx.o(.text)
    DMA2_Stream5_IRQHandler                  0x080001f3   Thumb Code     0  startup_stm32f446xx.o(.text)
    DMA2_Stream6_IRQHandler                  0x080001f3   Thumb Code     0  startup_stm32f446xx.o(.text)
    DMA2_Stream7_IRQHandler                  0x080001f3   Thumb Code     0  startup_stm32f446xx.o(.text)
    EXTI0_IRQHandler                         0x080001f3   Thumb Code     0  startup_stm32f446xx.o(.text)
    EXTI15_10_IRQHandler                     0x080001f3   Thumb Code     0  startup_stm32f446xx.o(.text)
    EXTI1_IRQHandler                         0x080001f3   Thumb Code     0  startup_stm32f446xx.o(.text)
    EXTI2_IRQHandler                         0x080001f3   Thumb Code     0  startup_stm32f446xx.o(.text)
    EXTI3_IRQHandler                         0x080001f3   Thumb Code     0  startup_stm32f446xx.o(.text)
    EXTI4_IRQHandler                         0x080001f3   Thumb Code     0  startup_stm32f446xx.o(.text)
    EXTI9_5_IRQHandler                       0x080001f3   Thumb Code     0  startup_stm32f446xx.o(.text)
    FLASH_IRQHandler                         0x080001f3   Thumb Code     0  startup_stm32f446xx.o(.text)
    FMC_IRQHandler                           0x080001f3   Thumb Code     0  startup_stm32f446xx.o(.text)
    FPU_IRQHandler                           0x080001f3   Thumb Code     0  startup_stm32f446xx.o(.text)
    I2C1_ER_IRQHandler                       0x080001f3   Thumb Code     0  startup_stm32f446xx.o(.text)
    I2C1_EV_IRQHandler                       0x080001f3   Thumb Code     0  startup_stm32f446xx.o(.text)
    I2C2_ER_IRQHandler                       0x080001f3   Thumb Code     0  startup_stm32f446xx.o(.text)
    I2C2_EV_IRQHandler                       0x080001f3   Thumb Code     0  startup_stm32f446xx.o(.text)
    I2C3_ER_IRQHandler                       0x080001f3   Thumb Code     0  startup_stm32f446xx.o(.text)
    I2C3_EV_IRQHandler                       0x080001f3   Thumb Code     0  startup_stm32f446xx.o(.text)
    I2C4_Error_IRQHandler                    0x080001f3   Thumb Code     0  startup_stm32f446xx.o(.text)
    I2C4_Event_IRQHandler                    0x080001f3   Thumb Code     0  startup_stm32f446xx.o(.text)
    OTG_FS_IRQHandler                        0x080001f3   Thumb Code     0  startup_stm32f446xx.o(.text)
    OTG_FS_WKUP_IRQHandler                   0x080001f3   Thumb Code     0  startup_stm32f446xx.o(.text)
    OTG_HS_EP1_IN_IRQHandler                 0x080001f3   Thumb Code     0  startup_stm32f446xx.o(.text)
    OTG_HS_EP1_OUT_IRQHandler                0x080001f3   Thumb Code     0  startup_stm32f446xx.o(.text)
    OTG_HS_IRQHandler                        0x080001f3   Thumb Code     0  startup_stm32f446xx.o(.text)
    OTG_HS_WKUP_IRQHandler                   0x080001f3   Thumb Code     0  startup_stm32f446xx.o(.text)
    PVD_IRQHandler                           0x080001f3   Thumb Code     0  startup_stm32f446xx.o(.text)
    QUADSPI_IRQHandler                       0x080001f3   Thumb Code     0  startup_stm32f446xx.o(.text)
    RCC_IRQHandler                           0x080001f3   Thumb Code     0  startup_stm32f446xx.o(.text)
    RTC_Alarm_IRQHandler                     0x080001f3   Thumb Code     0  startup_stm32f446xx.o(.text)
    RTC_WKUP_IRQHandler                      0x080001f3   Thumb Code     0  startup_stm32f446xx.o(.text)
    SAI1_IRQHandler                          0x080001f3   Thumb Code     0  startup_stm32f446xx.o(.text)
    SAI2_IRQHandler                          0x080001f3   Thumb Code     0  startup_stm32f446xx.o(.text)
    SDIO_IRQHandler                          0x080001f3   Thumb Code     0  startup_stm32f446xx.o(.text)
    SPDIF_RX_IRQHandler                      0x080001f3   Thumb Code     0  startup_stm32f446xx.o(.text)
    SPI1_IRQHandler                          0x080001f3   Thumb Code     0  startup_stm32f446xx.o(.text)
    SPI2_IRQHandler                          0x080001f3   Thumb Code     0  startup_stm32f446xx.o(.text)
    SPI3_IRQHandler                          0x080001f3   Thumb Code     0  startup_stm32f446xx.o(.text)
    SPI4_IRQHandler                          0x080001f3   Thumb Code     0  startup_stm32f446xx.o(.text)
    TAMP_STAMP_IRQHandler                    0x080001f3   Thumb Code     0  startup_stm32f446xx.o(.text)
    TIM1_BRK_TIM9_IRQHandler                 0x080001f3   Thumb Code     0  startup_stm32f446xx.o(.text)
    TIM1_CC_IRQHandler                       0x080001f3   Thumb Code     0  startup_stm32f446xx.o(.text)
    TIM1_TRG_COM_TIM11_IRQHandler            0x080001f3   Thumb Code     0  startup_stm32f446xx.o(.text)
    TIM1_UP_TIM10_IRQHandler                 0x080001f3   Thumb Code     0  startup_stm32f446xx.o(.text)
    TIM2_IRQHandler                          0x080001f3   Thumb Code     0  startup_stm32f446xx.o(.text)
    TIM4_IRQHandler                          0x080001f3   Thumb Code     0  startup_stm32f446xx.o(.text)
    TIM6_DAC_IRQHandler                      0x080001f3   Thumb Code     0  startup_stm32f446xx.o(.text)
    TIM7_IRQHandler                          0x080001f3   Thumb Code     0  startup_stm32f446xx.o(.text)
    TIM8_BRK_TIM12_IRQHandler                0x080001f3   Thumb Code     0  startup_stm32f446xx.o(.text)
    TIM8_CC_IRQHandler                       0x080001f3   Thumb Code     0  startup_stm32f446xx.o(.text)
    TIM8_TRG_COM_TIM14_IRQHandler            0x080001f3   Thumb Code     0  startup_stm32f446xx.o(.text)
    TIM8_UP_TIM13_IRQHandler                 0x080001f3   Thumb Code     0  startup_stm32f446xx.o(.text)
    UART4_IRQHandler                         0x080001f3   Thumb Code     0  startup_stm32f446xx.o(.text)
    UART5_IRQHandler                         0x080001f3   Thumb Code     0  startup_stm32f446xx.o(.text)
    USART1_IRQHandler                        0x080001f3   Thumb Code     0  startup_stm32f446xx.o(.text)
    USART2_IRQHandler                        0x080001f3   Thumb Code     0  startup_stm32f446xx.o(.text)
    USART3_IRQHandler                        0x080001f3   Thumb Code     0  startup_stm32f446xx.o(.text)
    USART6_IRQHandler                        0x080001f3   Thumb Code     0  startup_stm32f446xx.o(.text)
    WWDG_IRQHandler                          0x080001f3   Thumb Code     0  startup_stm32f446xx.o(.text)
    __aeabi_uldivmod                         0x080001fd   Thumb Code    98  uldiv.o(.text)
    __aeabi_memset                           0x0800025f   Thumb Code    14  memseta.o(.text)
    __aeabi_memset4                          0x0800025f   Thumb Code     0  memseta.o(.text)
    __aeabi_memset8                          0x0800025f   Thumb Code     0  memseta.o(.text)
    __aeabi_memclr                           0x0800026d   Thumb Code     4  memseta.o(.text)
    __aeabi_memclr4                          0x0800026d   Thumb Code     0  memseta.o(.text)
    __aeabi_memclr8                          0x0800026d   Thumb Code     0  memseta.o(.text)
    _memset$wrapper                          0x08000271   Thumb Code    18  memseta.o(.text)
    strcat                                   0x08000283   Thumb Code    24  strcat.o(.text)
    __aeabi_dadd                             0x0800029b   Thumb Code   322  dadd.o(.text)
    __aeabi_dsub                             0x080003dd   Thumb Code     6  dadd.o(.text)
    __aeabi_drsub                            0x080003e3   Thumb Code     6  dadd.o(.text)
    __aeabi_f2d                              0x080003e9   Thumb Code    38  f2d.o(.text)
    __aeabi_cdrcmple                         0x08000411   Thumb Code    48  cdrcmple.o(.text)
    __aeabi_d2f                              0x08000441   Thumb Code    56  d2f.o(.text)
    __aeabi_uidiv                            0x08000479   Thumb Code     0  uidiv.o(.text)
    __aeabi_uidivmod                         0x08000479   Thumb Code    44  uidiv.o(.text)
    __aeabi_llsl                             0x080004a5   Thumb Code    30  llshl.o(.text)
    _ll_shift_l                              0x080004a5   Thumb Code     0  llshl.o(.text)
    __aeabi_llsr                             0x080004c3   Thumb Code    32  llushr.o(.text)
    _ll_ushift_r                             0x080004c3   Thumb Code     0  llushr.o(.text)
    __aeabi_lasr                             0x080004e3   Thumb Code    36  llsshr.o(.text)
    _ll_sshift_r                             0x080004e3   Thumb Code     0  llsshr.o(.text)
    __I$use$fp                               0x08000507   Thumb Code     0  iusefp.o(.text)
    _float_round                             0x08000507   Thumb Code    18  fepilogue.o(.text)
    _float_epilogue                          0x08000519   Thumb Code    92  fepilogue.o(.text)
    _double_round                            0x08000575   Thumb Code    30  depilogue.o(.text)
    _double_epilogue                         0x08000593   Thumb Code   156  depilogue.o(.text)
    __aeabi_dmul                             0x0800062f   Thumb Code   228  dmul.o(.text)
    __aeabi_ddiv                             0x08000713   Thumb Code   222  ddiv.o(.text)
    __aeabi_d2ulz                            0x080007f1   Thumb Code    48  dfixul.o(.text)
    __scatterload                            0x08000821   Thumb Code    28  init.o(.text)
    __scatterload_rt2                        0x08000821   Thumb Code     0  init.o(.text)
    ADC_IRQHandler                           0x08000845   Thumb Code    18  stm32f4xx_it.o(i.ADC_IRQHandler)
    BusFault_Handler                         0x08000985   Thumb Code     2  stm32f4xx_it.o(i.BusFault_Handler)
    DMA1_Stream6_IRQHandler                  0x08000989   Thumb Code     6  stm32f4xx_it.o(i.DMA1_Stream6_IRQHandler)
    DebugMon_Handler                         0x08000a11   Thumb Code     2  stm32f4xx_it.o(i.DebugMon_Handler)
    HAL_ADCEx_InjectedConvCpltCallback       0x08000a13   Thumb Code     2  stm32f4xx_hal_adc_ex.o(i.HAL_ADCEx_InjectedConvCpltCallback)
    HAL_ADC_ConfigChannel                    0x08000a15   Thumb Code   318  stm32f4xx_hal_adc.o(i.HAL_ADC_ConfigChannel)
    HAL_ADC_ConvCpltCallback                 0x08000b69   Thumb Code    66  interface_adc_pincinato.o(i.HAL_ADC_ConvCpltCallback)
    HAL_ADC_ErrorCallback                    0x08000bc1   Thumb Code     2  stm32f4xx_hal_adc.o(i.HAL_ADC_ErrorCallback)
    HAL_ADC_GetValue                         0x08000bc3   Thumb Code     6  stm32f4xx_hal_adc.o(i.HAL_ADC_GetValue)
    HAL_ADC_IRQHandler                       0x08000bc9   Thumb Code   316  stm32f4xx_hal_adc.o(i.HAL_ADC_IRQHandler)
    HAL_ADC_Init                             0x08000d05   Thumb Code    84  stm32f4xx_hal_adc.o(i.HAL_ADC_Init)
    HAL_ADC_LevelOutOfWindowCallback         0x08000d59   Thumb Code     2  stm32f4xx_hal_adc.o(i.HAL_ADC_LevelOutOfWindowCallback)
    HAL_ADC_MspInit                          0x08000d5d   Thumb Code    96  adc.o(i.HAL_ADC_MspInit)
    HAL_ADC_Start_IT                         0x08000dcd   Thumb Code   180  stm32f4xx_hal_adc.o(i.HAL_ADC_Start_IT)
    HAL_ADC_Stop_IT                          0x08000e95   Thumb Code    68  stm32f4xx_hal_adc.o(i.HAL_ADC_Stop_IT)
    HAL_DMA_IRQHandler                       0x08000edd   Thumb Code   412  stm32f4xx_hal_dma.o(i.HAL_DMA_IRQHandler)
    HAL_DMA_Init                             0x0800107d   Thumb Code   206  stm32f4xx_hal_dma.o(i.HAL_DMA_Init)
    HAL_Delay                                0x08001151   Thumb Code    32  stm32f4xx_hal.o(i.HAL_Delay)
    HAL_GPIO_Init                            0x08001175   Thumb Code   378  stm32f4xx_hal_gpio.o(i.HAL_GPIO_Init)
    HAL_GPIO_WritePin                        0x08001319   Thumb Code    10  stm32f4xx_hal_gpio.o(i.HAL_GPIO_WritePin)
    HAL_GetTick                              0x08001325   Thumb Code     6  stm32f4xx_hal.o(i.HAL_GetTick)
    HAL_I2C_Init                             0x08001331   Thumb Code   254  stm32f4xx_hal_i2c.o(i.HAL_I2C_Init)
    HAL_I2C_Master_Receive                   0x08001439   Thumb Code   474  stm32f4xx_hal_i2c.o(i.HAL_I2C_Master_Receive)
    HAL_I2C_Master_Transmit                  0x08001621   Thumb Code   304  stm32f4xx_hal_i2c.o(i.HAL_I2C_Master_Transmit)
    HAL_I2C_MspInit                          0x08001759   Thumb Code    64  i2c.o(i.HAL_I2C_MspInit)
    HAL_IncTick                              0x080017a5   Thumb Code    12  stm32f4xx_hal.o(i.HAL_IncTick)
    HAL_Init                                 0x080017b5   Thumb Code    48  stm32f4xx_hal.o(i.HAL_Init)
    HAL_InitTick                             0x080017e9   Thumb Code    54  stm32f4xx_hal.o(i.HAL_InitTick)
    HAL_MspInit                              0x08001829   Thumb Code   126  stm32f4xx_hal_msp.o(i.HAL_MspInit)
    HAL_NVIC_EnableIRQ                       0x080018ad   Thumb Code    22  stm32f4xx_hal_cortex.o(i.HAL_NVIC_EnableIRQ)
    HAL_NVIC_SetPriority                     0x080018c5   Thumb Code    60  stm32f4xx_hal_cortex.o(i.HAL_NVIC_SetPriority)
    HAL_NVIC_SetPriorityGrouping             0x08001905   Thumb Code    26  stm32f4xx_hal_cortex.o(i.HAL_NVIC_SetPriorityGrouping)
    HAL_PWREx_EnableOverDrive                0x08001929   Thumb Code    98  stm32f4xx_hal_pwr_ex.o(i.HAL_PWREx_EnableOverDrive)
    HAL_RCC_ClockConfig                      0x08001999   Thumb Code   286  stm32f4xx_hal_rcc.o(i.HAL_RCC_ClockConfig)
    HAL_RCC_GetHCLKFreq                      0x08001ac9   Thumb Code     6  stm32f4xx_hal_rcc.o(i.HAL_RCC_GetHCLKFreq)
    HAL_RCC_GetPCLK1Freq                     0x08001ad5   Thumb Code    20  stm32f4xx_hal_rcc.o(i.HAL_RCC_GetPCLK1Freq)
    HAL_RCC_GetPCLK2Freq                     0x08001af5   Thumb Code    20  stm32f4xx_hal_rcc.o(i.HAL_RCC_GetPCLK2Freq)
    HAL_RCC_GetSysClockFreq                  0x08001b15   Thumb Code   140  stm32f4xx_hal_rcc_ex.o(i.HAL_RCC_GetSysClockFreq)
    HAL_RCC_OscConfig                        0x08001bad   Thumb Code   814  stm32f4xx_hal_rcc_ex.o(i.HAL_RCC_OscConfig)
    HAL_SPI_Init                             0x08001ef1   Thumb Code   128  stm32f4xx_hal_spi.o(i.HAL_SPI_Init)
    HAL_SPI_MspInit                          0x08001f71   Thumb Code    62  spi.o(i.HAL_SPI_MspInit)
    HAL_SPI_Transmit                         0x08001fbd   Thumb Code   360  stm32f4xx_hal_spi.o(i.HAL_SPI_Transmit)
    HAL_SYSTICK_CLKSourceConfig              0x08002125   Thumb Code    24  stm32f4xx_hal_cortex.o(i.HAL_SYSTICK_CLKSourceConfig)
    HAL_SYSTICK_Callback                     0x0800213d   Thumb Code     2  stm32f4xx_hal_cortex.o(i.HAL_SYSTICK_Callback)
    HAL_SYSTICK_Config                       0x0800213f   Thumb Code    40  stm32f4xx_hal_cortex.o(i.HAL_SYSTICK_Config)
    HAL_SYSTICK_IRQHandler                   0x08002167   Thumb Code     8  stm32f4xx_hal_cortex.o(i.HAL_SYSTICK_IRQHandler)
    HAL_TIMEx_BreakCallback                  0x0800216f   Thumb Code     2  stm32f4xx_hal_tim_ex.o(i.HAL_TIMEx_BreakCallback)
    HAL_TIMEx_CommutationCallback            0x08002171   Thumb Code     2  stm32f4xx_hal_tim_ex.o(i.HAL_TIMEx_CommutationCallback)
    HAL_TIMEx_MasterConfigSynchronization    0x08002173   Thumb Code    80  stm32f4xx_hal_tim_ex.o(i.HAL_TIMEx_MasterConfigSynchronization)
    HAL_TIM_Base_Init                        0x080021c3   Thumb Code    54  stm32f4xx_hal_tim.o(i.HAL_TIM_Base_Init)
    HAL_TIM_Base_MspInit                     0x080021f9   Thumb Code    86  tim.o(i.HAL_TIM_Base_MspInit)
    HAL_TIM_Base_Start_IT                    0x0800225d   Thumb Code    24  stm32f4xx_hal_tim.o(i.HAL_TIM_Base_Start_IT)
    HAL_TIM_Base_Stop_IT                     0x08002275   Thumb Code    42  stm32f4xx_hal_tim.o(i.HAL_TIM_Base_Stop_IT)
    HAL_TIM_ConfigClockSource                0x0800229f   Thumb Code   242  stm32f4xx_hal_tim.o(i.HAL_TIM_ConfigClockSource)
    HAL_TIM_IC_CaptureCallback               0x08002391   Thumb Code     2  stm32f4xx_hal_tim.o(i.HAL_TIM_IC_CaptureCallback)
    HAL_TIM_IRQHandler                       0x08002393   Thumb Code   358  stm32f4xx_hal_tim.o(i.HAL_TIM_IRQHandler)
    HAL_TIM_MspPostInit                      0x080024f9   Thumb Code    64  tim.o(i.HAL_TIM_MspPostInit)
    HAL_TIM_OC_ConfigChannel                 0x08002549   Thumb Code    86  stm32f4xx_hal_tim.o(i.HAL_TIM_OC_ConfigChannel)
    HAL_TIM_OC_DelayElapsedCallback          0x0800259f   Thumb Code     2  stm32f4xx_hal_tim.o(i.HAL_TIM_OC_DelayElapsedCallback)
    HAL_TIM_OC_Init                          0x080025a1   Thumb Code    54  stm32f4xx_hal_tim.o(i.HAL_TIM_OC_Init)
    HAL_TIM_OC_MspInit                       0x080025d7   Thumb Code     2  stm32f4xx_hal_tim.o(i.HAL_TIM_OC_MspInit)
    HAL_TIM_PWM_PulseFinishedCallback        0x080025d9   Thumb Code     2  stm32f4xx_hal_tim.o(i.HAL_TIM_PWM_PulseFinishedCallback)
    HAL_TIM_PeriodElapsedCallback            0x080025dd   Thumb Code    28  main.o(i.HAL_TIM_PeriodElapsedCallback)
    HAL_TIM_TriggerCallback                  0x08002601   Thumb Code     2  stm32f4xx_hal_tim.o(i.HAL_TIM_TriggerCallback)
    HAL_UART_Init                            0x08002603   Thumb Code    98  stm32f4xx_hal_uart.o(i.HAL_UART_Init)
    HAL_UART_MspInit                         0x08002665   Thumb Code   120  usart.o(i.HAL_UART_MspInit)
    HardFault_Handler                        0x08002701   Thumb Code     2  stm32f4xx_it.o(i.HardFault_Handler)
    MX_ADC1_Init                             0x08002a85   Thumb Code    84  adc.o(i.MX_ADC1_Init)
    MX_ADC2_Init                             0x08002af5   Thumb Code    82  adc.o(i.MX_ADC2_Init)
    MX_DMA_Init                              0x08002b65   Thumb Code    40  dma.o(i.MX_DMA_Init)
    MX_GPIO_Init                             0x08002b91   Thumb Code   214  gpio.o(i.MX_GPIO_Init)
    MX_I2C1_Init                             0x08002c79   Thumb Code    54  i2c.o(i.MX_I2C1_Init)
    MX_SPI1_Init                             0x08002ccd   Thumb Code    66  spi.o(i.MX_SPI1_Init)
    MX_TIM3_Init                             0x08002d29   Thumb Code   142  tim.o(i.MX_TIM3_Init)
    MX_TIM5_Init                             0x08002dd1   Thumb Code   140  tim.o(i.MX_TIM5_Init)
    MX_USART2_UART_Init                      0x08002e75   Thumb Code    52  usart.o(i.MX_USART2_UART_Init)
    MemManage_Handler                        0x08002ec1   Thumb Code     2  stm32f4xx_it.o(i.MemManage_Handler)
    NMI_Handler                              0x08002ec3   Thumb Code     2  stm32f4xx_it.o(i.NMI_Handler)
    PendSV_Handler                           0x08002ee5   Thumb Code     2  stm32f4xx_it.o(i.PendSV_Handler)
    SVC_Handler                              0x08002f9d   Thumb Code     2  stm32f4xx_it.o(i.SVC_Handler)
    SysTick_Handler                          0x08002f9f   Thumb Code    14  stm32f4xx_it.o(i.SysTick_Handler)
    SystemClock_Config                       0x08002fad   Thumb Code   158  main.o(i.SystemClock_Config)
    SystemInit                               0x08003055   Thumb Code    66  system_stm32f4xx.o(i.SystemInit)
    TIM3_IRQHandler                          0x080030a9   Thumb Code     6  stm32f4xx_it.o(i.TIM3_IRQHandler)
    TIM5_IRQHandler                          0x080030b5   Thumb Code     6  stm32f4xx_it.o(i.TIM5_IRQHandler)
    TIM_Base_SetConfig                       0x080030c1   Thumb Code   148  stm32f4xx_hal_tim.o(i.TIM_Base_SetConfig)
    TIM_OC2_SetConfig                        0x080031fd   Thumb Code    90  stm32f4xx_hal_tim.o(i.TIM_OC2_SetConfig)
    UsageFault_Handler                       0x08003605   Thumb Code     2  stm32f4xx_it.o(i.UsageFault_Handler)
    _Error_Handler                           0x08003607   Thumb Code     2  main.o(i._Error_Handler)
    __0sprintf                               0x08003609   Thumb Code    34  printfa.o(i.__0sprintf)
    __1sprintf                               0x08003609   Thumb Code     0  printfa.o(i.__0sprintf)
    __2sprintf                               0x08003609   Thumb Code     0  printfa.o(i.__0sprintf)
    __c89sprintf                             0x08003609   Thumb Code     0  printfa.o(i.__0sprintf)
    sprintf                                  0x08003609   Thumb Code     0  printfa.o(i.__0sprintf)
    __scatterload_copy                       0x08003631   Thumb Code    14  handlers.o(i.__scatterload_copy)
    __scatterload_null                       0x0800363f   Thumb Code     2  handlers.o(i.__scatterload_null)
    __scatterload_zeroinit                   0x08003641   Thumb Code    14  handlers.o(i.__scatterload_zeroinit)
    calibrate                                0x08003f0d   Thumb Code    46  interface_accel_pincinato.o(i.calibrate)
    checkTable                               0x08003f45   Thumb Code    12  interface_usart_pincinato.o(i.checkTable)
    checkUart                                0x08003f55   Thumb Code    12  interface_usart_pincinato.o(i.checkUart)
    clearAverageFilter                       0x08003f75   Thumb Code    42  filter_math_pincinato.o(i.clearAverageFilter)
    clearBiquadsFilter                       0x08003fa1   Thumb Code    42  filter_math_pincinato.o(i.clearBiquadsFilter)
    clearData                                0x08003fd1   Thumb Code    38  interface_accel_pincinato.o(i.clearData)
    clearIntegration                         0x08004005   Thumb Code    38  filter_math_pincinato.o(i.clearIntegration)
    filterAverageCompute                     0x08004031   Thumb Code    66  filter_math_pincinato.o(i.filterAverageCompute)
    filterBiquadsCompute                     0x08004073   Thumb Code   130  filter_math_pincinato.o(i.filterBiquadsCompute)
    getDistance                              0x080040f5   Thumb Code    52  interface_accel_pincinato.o(i.getDistance)
    getHeartRate                             0x08004131   Thumb Code   208  interface_adc_pincinato.o(i.getHeartRate)
    initACCELInterface                       0x08004219   Thumb Code   110  interface_accel_pincinato.o(i.initACCELInterface)
    initADCInterface                         0x08004299   Thumb Code   120  interface_adc_pincinato.o(i.initADCInterface)
    initAverageFilter                        0x08004329   Thumb Code     6  filter_math_pincinato.o(i.initAverageFilter)
    initBiquadsFilter                        0x0800432f   Thumb Code    50  filter_math_pincinato.o(i.initBiquadsFilter)
    initFilter                               0x08004361   Thumb Code    24  interface_adc_pincinato.o(i.initFilter)
    initIntegration                          0x08004385   Thumb Code    10  filter_math_pincinato.o(i.initIntegration)
    initInterface                            0x08004391   Thumb Code    40  interface_usart_pincinato.o(i.initInterface)
    initLCD                                  0x080043bd   Thumb Code    18  lcd_pincinato.o(i.initLCD)
    initTable                                0x080043cf   Thumb Code    12  structs_pincinato.o(i.initTable)
    integrationCompute                       0x080043db   Thumb Code    78  filter_math_pincinato.o(i.integrationCompute)
    integrationRelativeDistance              0x08004429   Thumb Code    92  filter_math_pincinato.o(i.integrationRelativeDistance)
    interruptTimerACCELCallback              0x08004485   Thumb Code    20  interface_accel_pincinato.o(i.interruptTimerACCELCallback)
    interruptTimerADCCallback                0x080044a1   Thumb Code     6  interface_adc_pincinato.o(i.interruptTimerADCCallback)
    lcd_clear                                0x080044ad   Thumb Code    22  lcd_driver.o(i.lcd_clear)
    lcd_init                                 0x080044c9   Thumb Code    98  lcd_driver.o(i.lcd_init)
    lcd_setChar                              0x08004531   Thumb Code   122  lcd_driver.o(i.lcd_setChar)
    lcd_setContrast                          0x080045b1   Thumb Code    26  lcd_driver.o(i.lcd_setContrast)
    lcd_setPixel                             0x080045cd   Thumb Code    34  lcd_driver.o(i.lcd_setPixel)
    lcd_setString                            0x080045f5   Thumb Code    58  lcd_driver.o(i.lcd_setString)
    lcd_show                                 0x08004635   Thumb Code    60  lcd_driver.o(i.lcd_show)
    main                                     0x08004675   Thumb Code   284  main.o(i.main)
    normalize                                0x080047d1   Thumb Code    64  filter_math_pincinato.o(i.normalize)
    readAccel                                0x08004815   Thumb Code   126  interface_accel_pincinato.o(i.readAccel)
    sendData                                 0x080048b1   Thumb Code    34  lcd_driver.o(i.sendData)
    startACCELInterface                      0x08004901   Thumb Code    34  interface_accel_pincinato.o(i.startACCELInterface)
    startADCInterface                        0x08004931   Thumb Code    16  interface_adc_pincinato.o(i.startADCInterface)
    updateHeartRate                          0x08004945   Thumb Code    40  interface_adc_pincinato.o(i.updateHeartRate)
    valueToG                                 0x08004975   Thumb Code    46  interface_accel_pincinato.o(i.valueToG)
    lcd_symbols                              0x080049d8   Data          16  lcd_driver.o(.constdata)
    Font_6x8_h                               0x080049e8   Data         896  lcd_driver.o(.constdata)
    AHBPrescTable                            0x08004d70   Data          16  system_stm32f4xx.o(.constdata)
    APBPrescTable                            0x08004d80   Data           8  system_stm32f4xx.o(.constdata)
    Region$$Table$$Base                      0x08004d88   Number         0  anon$$obj.o(Region$$Table)
    Region$$Table$$Limit                     0x08004da8   Number         0  anon$$obj.o(Region$$Table)
    receiverStart                            0x20000010   Data           1  interface_usart_pincinato.o(.data)
    receiverCount                            0x20000012   Data           2  interface_usart_pincinato.o(.data)
    localTable                               0x20000014   Data           4  interface_usart_pincinato.o(.data)
    localUart                                0x20000018   Data           4  interface_usart_pincinato.o(.data)
    uwTickFreq                               0x2000001c   Data           1  stm32f4xx_hal.o(.data)
    uwTickPrio                               0x20000020   Data           4  stm32f4xx_hal.o(.data)
    uwTick                                   0x20000024   Data           4  stm32f4xx_hal.o(.data)
    SystemCoreClock                          0x20000028   Data           4  system_stm32f4xx.o(.data)
    hadc1                                    0x20001cf0   Data          72  adc.o(.bss)
    hadc2                                    0x20001d38   Data          72  adc.o(.bss)
    hi2c1                                    0x20001d80   Data          84  i2c.o(.bss)
    hspi1                                    0x20001dd4   Data          88  spi.o(.bss)
    htim3                                    0x20001e2c   Data          60  tim.o(.bss)
    htim5                                    0x20001e68   Data          60  tim.o(.bss)
    huart2                                   0x20001ea4   Data          64  usart.o(.bss)
    hdma_usart2_tx                           0x20001ee4   Data          96  usart.o(.bss)
    __initial_sp                             0x20002348   Data           0  startup_stm32f446xx.o(STACK)



==============================================================================

Memory Map of the image

  Image Entry point : 0x080001c5

  Load Region LR_IROM1 (Base: 0x08000000, Size: 0x00004dd4, Max: 0x00080000, ABSOLUTE)

    Execution Region ER_IROM1 (Exec base: 0x08000000, Load base: 0x08000000, Size: 0x00004da8, Max: 0x00080000, ABSOLUTE)

    Exec Addr    Load Addr    Size         Type   Attr      Idx    E Section Name        Object

    0x08000000   0x08000000   0x000001c4   Data   RO            3    RESET               startup_stm32f446xx.o
    0x080001c4   0x080001c4   0x00000000   Code   RO         4556  * .ARM.Collect$$$$00000000  mc_w.l(entry.o)
    0x080001c4   0x080001c4   0x00000004   Code   RO         4840    .ARM.Collect$$$$00000001  mc_w.l(entry2.o)
    0x080001c8   0x080001c8   0x00000004   Code   RO         4843    .ARM.Collect$$$$00000004  mc_w.l(entry5.o)
    0x080001cc   0x080001cc   0x00000000   Code   RO         4845    .ARM.Collect$$$$00000008  mc_w.l(entry7b.o)
    0x080001cc   0x080001cc   0x00000000   Code   RO         4847    .ARM.Collect$$$$0000000A  mc_w.l(entry8b.o)
    0x080001cc   0x080001cc   0x00000008   Code   RO         4848    .ARM.Collect$$$$0000000B  mc_w.l(entry9a.o)
    0x080001d4   0x080001d4   0x00000000   Code   RO         4850    .ARM.Collect$$$$0000000D  mc_w.l(entry10a.o)
    0x080001d4   0x080001d4   0x00000000   Code   RO         4852    .ARM.Collect$$$$0000000F  mc_w.l(entry11a.o)
    0x080001d4   0x080001d4   0x00000004   Code   RO         4841    .ARM.Collect$$$$00002712  mc_w.l(entry2.o)
    0x080001d8   0x080001d8   0x00000024   Code   RO            4    .text               startup_stm32f446xx.o
    0x080001fc   0x080001fc   0x00000062   Code   RO         4559    .text               mc_w.l(uldiv.o)
    0x0800025e   0x0800025e   0x00000024   Code   RO         4561    .text               mc_w.l(memseta.o)
    0x08000282   0x08000282   0x00000018   Code   RO         4563    .text               mc_w.l(strcat.o)
    0x0800029a   0x0800029a   0x0000014e   Code   RO         4830    .text               mf_w.l(dadd.o)
    0x080003e8   0x080003e8   0x00000026   Code   RO         4832    .text               mf_w.l(f2d.o)
    0x0800040e   0x0800040e   0x00000002   PAD
    0x08000410   0x08000410   0x00000030   Code   RO         4836    .text               mf_w.l(cdrcmple.o)
    0x08000440   0x08000440   0x00000038   Code   RO         4838    .text               mf_w.l(d2f.o)
    0x08000478   0x08000478   0x0000002c   Code   RO         4857    .text               mc_w.l(uidiv.o)
    0x080004a4   0x080004a4   0x0000001e   Code   RO         4859    .text               mc_w.l(llshl.o)
    0x080004c2   0x080004c2   0x00000020   Code   RO         4861    .text               mc_w.l(llushr.o)
    0x080004e2   0x080004e2   0x00000024   Code   RO         4863    .text               mc_w.l(llsshr.o)
    0x08000506   0x08000506   0x00000000   Code   RO         4865    .text               mc_w.l(iusefp.o)
    0x08000506   0x08000506   0x0000006e   Code   RO         4866    .text               mf_w.l(fepilogue.o)
    0x08000574   0x08000574   0x000000ba   Code   RO         4868    .text               mf_w.l(depilogue.o)
    0x0800062e   0x0800062e   0x000000e4   Code   RO         4870    .text               mf_w.l(dmul.o)
    0x08000712   0x08000712   0x000000de   Code   RO         4872    .text               mf_w.l(ddiv.o)
    0x080007f0   0x080007f0   0x00000030   Code   RO         4874    .text               mf_w.l(dfixul.o)
    0x08000820   0x08000820   0x00000024   Code   RO         4876    .text               mc_w.l(init.o)
    0x08000844   0x08000844   0x0000001c   Code   RO         1034    i.ADC_IRQHandler    stm32f4xx_it.o
    0x08000860   0x08000860   0x00000124   Code   RO         1161    i.ADC_Init          stm32f4xx_hal_adc.o
    0x08000984   0x08000984   0x00000002   Code   RO         1035    i.BusFault_Handler  stm32f4xx_it.o
    0x08000986   0x08000986   0x00000002   PAD
    0x08000988   0x08000988   0x0000000c   Code   RO         1036    i.DMA1_Stream6_IRQHandler  stm32f4xx_it.o
    0x08000994   0x08000994   0x00000028   Code   RO         3917    i.DMA_CalcBaseAndBitshift  stm32f4xx_hal_dma.o
    0x080009bc   0x080009bc   0x00000054   Code   RO         3918    i.DMA_CheckFifoParam  stm32f4xx_hal_dma.o
    0x08000a10   0x08000a10   0x00000002   Code   RO         1037    i.DebugMon_Handler  stm32f4xx_it.o
    0x08000a12   0x08000a12   0x00000002   Code   RO         1332    i.HAL_ADCEx_InjectedConvCpltCallback  stm32f4xx_hal_adc_ex.o
    0x08000a14   0x08000a14   0x00000154   Code   RO         1163    i.HAL_ADC_ConfigChannel  stm32f4xx_hal_adc.o
    0x08000b68   0x08000b68   0x00000058   Code   RO          243    i.HAL_ADC_ConvCpltCallback  interface_adc_pincinato.o
    0x08000bc0   0x08000bc0   0x00000002   Code   RO         1167    i.HAL_ADC_ErrorCallback  stm32f4xx_hal_adc.o
    0x08000bc2   0x08000bc2   0x00000006   Code   RO         1170    i.HAL_ADC_GetValue  stm32f4xx_hal_adc.o
    0x08000bc8   0x08000bc8   0x0000013c   Code   RO         1171    i.HAL_ADC_IRQHandler  stm32f4xx_hal_adc.o
    0x08000d04   0x08000d04   0x00000054   Code   RO         1172    i.HAL_ADC_Init      stm32f4xx_hal_adc.o
    0x08000d58   0x08000d58   0x00000002   Code   RO         1173    i.HAL_ADC_LevelOutOfWindowCallback  stm32f4xx_hal_adc.o
    0x08000d5a   0x08000d5a   0x00000002   PAD
    0x08000d5c   0x08000d5c   0x00000070   Code   RO          783    i.HAL_ADC_MspInit   adc.o
    0x08000dcc   0x08000dcc   0x000000c8   Code   RO         1180    i.HAL_ADC_Start_IT  stm32f4xx_hal_adc.o
    0x08000e94   0x08000e94   0x00000048   Code   RO         1183    i.HAL_ADC_Stop_IT   stm32f4xx_hal_adc.o
    0x08000edc   0x08000edc   0x000001a0   Code   RO         3925    i.HAL_DMA_IRQHandler  stm32f4xx_hal_dma.o
    0x0800107c   0x0800107c   0x000000d4   Code   RO         3926    i.HAL_DMA_Init      stm32f4xx_hal_dma.o
    0x08001150   0x08001150   0x00000024   Code   RO         4357    i.HAL_Delay         stm32f4xx_hal.o
    0x08001174   0x08001174   0x000001a4   Code   RO         3813    i.HAL_GPIO_Init     stm32f4xx_hal_gpio.o
    0x08001318   0x08001318   0x0000000a   Code   RO         3817    i.HAL_GPIO_WritePin  stm32f4xx_hal_gpio.o
    0x08001322   0x08001322   0x00000002   PAD
    0x08001324   0x08001324   0x0000000c   Code   RO         4363    i.HAL_GetTick       stm32f4xx_hal.o
    0x08001330   0x08001330   0x00000108   Code   RO         1444    i.HAL_I2C_Init      stm32f4xx_hal_i2c.o
    0x08001438   0x08001438   0x000001e8   Code   RO         1450    i.HAL_I2C_Master_Receive  stm32f4xx_hal_i2c.o
    0x08001620   0x08001620   0x00000138   Code   RO         1455    i.HAL_I2C_Master_Transmit  stm32f4xx_hal_i2c.o
    0x08001758   0x08001758   0x0000004c   Code   RO          855    i.HAL_I2C_MspInit   i2c.o
    0x080017a4   0x080017a4   0x00000010   Code   RO         4367    i.HAL_IncTick       stm32f4xx_hal.o
    0x080017b4   0x080017b4   0x00000034   Code   RO         4368    i.HAL_Init          stm32f4xx_hal.o
    0x080017e8   0x080017e8   0x00000040   Code   RO         4369    i.HAL_InitTick      stm32f4xx_hal.o
    0x08001828   0x08001828   0x00000084   Code   RO         1134    i.HAL_MspInit       stm32f4xx_hal_msp.o
    0x080018ac   0x080018ac   0x00000016   Code   RO         4220    i.HAL_NVIC_EnableIRQ  stm32f4xx_hal_cortex.o
    0x080018c2   0x080018c2   0x00000002   PAD
    0x080018c4   0x080018c4   0x00000040   Code   RO         4226    i.HAL_NVIC_SetPriority  stm32f4xx_hal_cortex.o
    0x08001904   0x08001904   0x00000024   Code   RO         4227    i.HAL_NVIC_SetPriorityGrouping  stm32f4xx_hal_cortex.o
    0x08001928   0x08001928   0x00000070   Code   RO         4149    i.HAL_PWREx_EnableOverDrive  stm32f4xx_hal_pwr_ex.o
    0x08001998   0x08001998   0x00000130   Code   RO         3375    i.HAL_RCC_ClockConfig  stm32f4xx_hal_rcc.o
    0x08001ac8   0x08001ac8   0x0000000c   Code   RO         3380    i.HAL_RCC_GetHCLKFreq  stm32f4xx_hal_rcc.o
    0x08001ad4   0x08001ad4   0x00000020   Code   RO         3382    i.HAL_RCC_GetPCLK1Freq  stm32f4xx_hal_rcc.o
    0x08001af4   0x08001af4   0x00000020   Code   RO         3383    i.HAL_RCC_GetPCLK2Freq  stm32f4xx_hal_rcc.o
    0x08001b14   0x08001b14   0x00000098   Code   RO         3486    i.HAL_RCC_GetSysClockFreq  stm32f4xx_hal_rcc_ex.o
    0x08001bac   0x08001bac   0x00000344   Code   RO         3487    i.HAL_RCC_OscConfig  stm32f4xx_hal_rcc_ex.o
    0x08001ef0   0x08001ef0   0x00000080   Code   RO         1872    i.HAL_SPI_Init      stm32f4xx_hal_spi.o
    0x08001f70   0x08001f70   0x0000004c   Code   RO          897    i.HAL_SPI_MspInit   spi.o
    0x08001fbc   0x08001fbc   0x00000168   Code   RO         1880    i.HAL_SPI_Transmit  stm32f4xx_hal_spi.o
    0x08002124   0x08002124   0x00000018   Code   RO         4229    i.HAL_SYSTICK_CLKSourceConfig  stm32f4xx_hal_cortex.o
    0x0800213c   0x0800213c   0x00000002   Code   RO         4230    i.HAL_SYSTICK_Callback  stm32f4xx_hal_cortex.o
    0x0800213e   0x0800213e   0x00000028   Code   RO         4231    i.HAL_SYSTICK_Config  stm32f4xx_hal_cortex.o
    0x08002166   0x08002166   0x00000008   Code   RO         4232    i.HAL_SYSTICK_IRQHandler  stm32f4xx_hal_cortex.o
    0x0800216e   0x0800216e   0x00000002   Code   RO         2809    i.HAL_TIMEx_BreakCallback  stm32f4xx_hal_tim_ex.o
    0x08002170   0x08002170   0x00000002   Code   RO         2810    i.HAL_TIMEx_CommutationCallback  stm32f4xx_hal_tim_ex.o
    0x08002172   0x08002172   0x00000050   Code   RO         2826    i.HAL_TIMEx_MasterConfigSynchronization  stm32f4xx_hal_tim_ex.o
    0x080021c2   0x080021c2   0x00000036   Code   RO         2180    i.HAL_TIM_Base_Init  stm32f4xx_hal_tim.o
    0x080021f8   0x080021f8   0x00000064   Code   RO          939    i.HAL_TIM_Base_MspInit  tim.o
    0x0800225c   0x0800225c   0x00000018   Code   RO         2185    i.HAL_TIM_Base_Start_IT  stm32f4xx_hal_tim.o
    0x08002274   0x08002274   0x0000002a   Code   RO         2188    i.HAL_TIM_Base_Stop_IT  stm32f4xx_hal_tim.o
    0x0800229e   0x0800229e   0x000000f2   Code   RO         2189    i.HAL_TIM_ConfigClockSource  stm32f4xx_hal_tim.o
    0x08002390   0x08002390   0x00000002   Code   RO         2209    i.HAL_TIM_IC_CaptureCallback  stm32f4xx_hal_tim.o
    0x08002392   0x08002392   0x00000166   Code   RO         2222    i.HAL_TIM_IRQHandler  stm32f4xx_hal_tim.o
    0x080024f8   0x080024f8   0x00000050   Code   RO          940    i.HAL_TIM_MspPostInit  tim.o
    0x08002548   0x08002548   0x00000056   Code   RO         2223    i.HAL_TIM_OC_ConfigChannel  stm32f4xx_hal_tim.o
    0x0800259e   0x0800259e   0x00000002   Code   RO         2225    i.HAL_TIM_OC_DelayElapsedCallback  stm32f4xx_hal_tim.o
    0x080025a0   0x080025a0   0x00000036   Code   RO         2227    i.HAL_TIM_OC_Init   stm32f4xx_hal_tim.o
    0x080025d6   0x080025d6   0x00000002   Code   RO         2229    i.HAL_TIM_OC_MspInit  stm32f4xx_hal_tim.o
    0x080025d8   0x080025d8   0x00000002   Code   RO         2252    i.HAL_TIM_PWM_PulseFinishedCallback  stm32f4xx_hal_tim.o
    0x080025da   0x080025da   0x00000002   PAD
    0x080025dc   0x080025dc   0x00000024   Code   RO          698    i.HAL_TIM_PeriodElapsedCallback  main.o
    0x08002600   0x08002600   0x00000002   Code   RO         2263    i.HAL_TIM_TriggerCallback  stm32f4xx_hal_tim.o
    0x08002602   0x08002602   0x00000062   Code   RO         3073    i.HAL_UART_Init     stm32f4xx_hal_uart.o
    0x08002664   0x08002664   0x0000009c   Code   RO          993    i.HAL_UART_MspInit  usart.o
    0x08002700   0x08002700   0x00000002   Code   RO         1038    i.HardFault_Handler  stm32f4xx_it.o
    0x08002702   0x08002702   0x00000028   Code   RO         1482    i.I2C_IsAcknowledgeFailed  stm32f4xx_hal_i2c.o
    0x0800272a   0x0800272a   0x000000de   Code   RO         1485    i.I2C_MasterRequestRead  stm32f4xx_hal_i2c.o
    0x08002808   0x08002808   0x00000094   Code   RO         1486    i.I2C_MasterRequestWrite  stm32f4xx_hal_i2c.o
    0x0800289c   0x0800289c   0x0000004e   Code   RO         1495    i.I2C_WaitOnBTFFlagUntilTimeout  stm32f4xx_hal_i2c.o
    0x080028ea   0x080028ea   0x00000060   Code   RO         1496    i.I2C_WaitOnFlagUntilTimeout  stm32f4xx_hal_i2c.o
    0x0800294a   0x0800294a   0x00000002   PAD
    0x0800294c   0x0800294c   0x00000088   Code   RO         1497    i.I2C_WaitOnMasterAddressFlagUntilTimeout  stm32f4xx_hal_i2c.o
    0x080029d4   0x080029d4   0x00000062   Code   RO         1498    i.I2C_WaitOnRXNEFlagUntilTimeout  stm32f4xx_hal_i2c.o
    0x08002a36   0x08002a36   0x0000004e   Code   RO         1499    i.I2C_WaitOnTXEFlagUntilTimeout  stm32f4xx_hal_i2c.o
    0x08002a84   0x08002a84   0x00000070   Code   RO          784    i.MX_ADC1_Init      adc.o
    0x08002af4   0x08002af4   0x00000070   Code   RO          785    i.MX_ADC2_Init      adc.o
    0x08002b64   0x08002b64   0x0000002c   Code   RO          830    i.MX_DMA_Init       dma.o
    0x08002b90   0x08002b90   0x000000e8   Code   RO          758    i.MX_GPIO_Init      gpio.o
    0x08002c78   0x08002c78   0x00000054   Code   RO          856    i.MX_I2C1_Init      i2c.o
    0x08002ccc   0x08002ccc   0x0000005c   Code   RO          898    i.MX_SPI1_Init      spi.o
    0x08002d28   0x08002d28   0x000000a8   Code   RO          941    i.MX_TIM3_Init      tim.o
    0x08002dd0   0x08002dd0   0x000000a4   Code   RO          942    i.MX_TIM5_Init      tim.o
    0x08002e74   0x08002e74   0x0000004c   Code   RO          994    i.MX_USART2_UART_Init  usart.o
    0x08002ec0   0x08002ec0   0x00000002   Code   RO         1039    i.MemManage_Handler  stm32f4xx_it.o
    0x08002ec2   0x08002ec2   0x00000002   Code   RO         1040    i.NMI_Handler       stm32f4xx_it.o
    0x08002ec4   0x08002ec4   0x00000020   Code   RO         4233    i.NVIC_SetPriority  stm32f4xx_hal_cortex.o
    0x08002ee4   0x08002ee4   0x00000002   Code   RO         1041    i.PendSV_Handler    stm32f4xx_it.o
    0x08002ee6   0x08002ee6   0x00000020   Code   RO         1896    i.SPI_CheckFlag_BSY  stm32f4xx_hal_spi.o
    0x08002f06   0x08002f06   0x00000096   Code   RO         1914    i.SPI_WaitFlagStateUntilTimeout  stm32f4xx_hal_spi.o
    0x08002f9c   0x08002f9c   0x00000002   Code   RO         1042    i.SVC_Handler       stm32f4xx_it.o
    0x08002f9e   0x08002f9e   0x0000000e   Code   RO         1043    i.SysTick_Handler   stm32f4xx_it.o
    0x08002fac   0x08002fac   0x000000a8   Code   RO          699    i.SystemClock_Config  main.o
    0x08003054   0x08003054   0x00000054   Code   RO         4522    i.SystemInit        system_stm32f4xx.o
    0x080030a8   0x080030a8   0x0000000c   Code   RO         1044    i.TIM3_IRQHandler   stm32f4xx_it.o
    0x080030b4   0x080030b4   0x0000000c   Code   RO         1045    i.TIM5_IRQHandler   stm32f4xx_it.o
    0x080030c0   0x080030c0   0x000000c0   Code   RO         2264    i.TIM_Base_SetConfig  stm32f4xx_hal_tim.o
    0x08003180   0x08003180   0x00000014   Code   RO         2271    i.TIM_ETR_SetConfig  stm32f4xx_hal_tim.o
    0x08003194   0x08003194   0x00000010   Code   RO         2272    i.TIM_ITRx_SetConfig  stm32f4xx_hal_tim.o
    0x080031a4   0x080031a4   0x00000058   Code   RO         2273    i.TIM_OC1_SetConfig  stm32f4xx_hal_tim.o
    0x080031fc   0x080031fc   0x00000064   Code   RO         2274    i.TIM_OC2_SetConfig  stm32f4xx_hal_tim.o
    0x08003260   0x08003260   0x00000060   Code   RO         2275    i.TIM_OC3_SetConfig  stm32f4xx_hal_tim.o
    0x080032c0   0x080032c0   0x00000050   Code   RO         2276    i.TIM_OC4_SetConfig  stm32f4xx_hal_tim.o
    0x08003310   0x08003310   0x00000022   Code   RO         2278    i.TIM_TI1_ConfigInputStage  stm32f4xx_hal_tim.o
    0x08003332   0x08003332   0x00000024   Code   RO         2280    i.TIM_TI2_ConfigInputStage  stm32f4xx_hal_tim.o
    0x08003356   0x08003356   0x00000002   PAD
    0x08003358   0x08003358   0x000002ac   Code   RO         3099    i.UART_SetConfig    stm32f4xx_hal_uart.o
    0x08003604   0x08003604   0x00000002   Code   RO         1046    i.UsageFault_Handler  stm32f4xx_it.o
    0x08003606   0x08003606   0x00000002   Code   RO          700    i._Error_Handler    main.o
    0x08003608   0x08003608   0x00000028   Code   RO         4804    i.__0sprintf        mc_w.l(printfa.o)
    0x08003630   0x08003630   0x0000000e   Code   RO         4882    i.__scatterload_copy  mc_w.l(handlers.o)
    0x0800363e   0x0800363e   0x00000002   Code   RO         4883    i.__scatterload_null  mc_w.l(handlers.o)
    0x08003640   0x08003640   0x0000000e   Code   RO         4884    i.__scatterload_zeroinit  mc_w.l(handlers.o)
    0x0800364e   0x0800364e   0x00000002   PAD
    0x08003650   0x08003650   0x00000184   Code   RO         4809    i._fp_digits        mc_w.l(printfa.o)
    0x080037d4   0x080037d4   0x000006dc   Code   RO         4810    i._printf_core      mc_w.l(printfa.o)
    0x08003eb0   0x08003eb0   0x00000024   Code   RO         4811    i._printf_post_padding  mc_w.l(printfa.o)
    0x08003ed4   0x08003ed4   0x0000002e   Code   RO         4812    i._printf_pre_padding  mc_w.l(printfa.o)
    0x08003f02   0x08003f02   0x0000000a   Code   RO         4814    i._sputc            mc_w.l(printfa.o)
    0x08003f0c   0x08003f0c   0x00000038   Code   RO           13    i.calibrate         interface_accel_pincinato.o
    0x08003f44   0x08003f44   0x00000010   Code   RO          321    i.checkTable        interface_usart_pincinato.o
    0x08003f54   0x08003f54   0x00000010   Code   RO          322    i.checkUart         interface_usart_pincinato.o
    0x08003f64   0x08003f64   0x00000010   Code   RO          443    i.chipSelect        lcd_driver.o
    0x08003f74   0x08003f74   0x0000002a   Code   RO          623    i.clearAverageFilter  filter_math_pincinato.o
    0x08003f9e   0x08003f9e   0x00000002   PAD
    0x08003fa0   0x08003fa0   0x00000030   Code   RO          624    i.clearBiquadsFilter  filter_math_pincinato.o
    0x08003fd0   0x08003fd0   0x00000034   Code   RO           14    i.clearData         interface_accel_pincinato.o
    0x08004004   0x08004004   0x0000002c   Code   RO          625    i.clearIntegration  filter_math_pincinato.o
    0x08004030   0x08004030   0x00000042   Code   RO          626    i.filterAverageCompute  filter_math_pincinato.o
    0x08004072   0x08004072   0x00000082   Code   RO          627    i.filterBiquadsCompute  filter_math_pincinato.o
    0x080040f4   0x080040f4   0x0000003c   Code   RO           17    i.getDistance       interface_accel_pincinato.o
    0x08004130   0x08004130   0x000000e8   Code   RO          244    i.getHeartRate      interface_adc_pincinato.o
    0x08004218   0x08004218   0x00000080   Code   RO           18    i.initACCELInterface  interface_accel_pincinato.o
    0x08004298   0x08004298   0x00000090   Code   RO          245    i.initADCInterface  interface_adc_pincinato.o
    0x08004328   0x08004328   0x00000006   Code   RO          628    i.initAverageFilter  filter_math_pincinato.o
    0x0800432e   0x0800432e   0x00000032   Code   RO          629    i.initBiquadsFilter  filter_math_pincinato.o
    0x08004360   0x08004360   0x00000024   Code   RO          246    i.initFilter        interface_adc_pincinato.o
    0x08004384   0x08004384   0x0000000a   Code   RO          630    i.initIntegration   filter_math_pincinato.o
    0x0800438e   0x0800438e   0x00000002   PAD
    0x08004390   0x08004390   0x0000002c   Code   RO          326    i.initInterface     interface_usart_pincinato.o
    0x080043bc   0x080043bc   0x00000012   Code   RO          572    i.initLCD           lcd_pincinato.o
    0x080043ce   0x080043ce   0x0000000c   Code   RO          611    i.initTable         structs_pincinato.o
    0x080043da   0x080043da   0x0000004e   Code   RO          631    i.integrationCompute  filter_math_pincinato.o
    0x08004428   0x08004428   0x0000005c   Code   RO          632    i.integrationRelativeDistance  filter_math_pincinato.o
    0x08004484   0x08004484   0x0000001c   Code   RO           19    i.interruptTimerACCELCallback  interface_accel_pincinato.o
    0x080044a0   0x080044a0   0x0000000c   Code   RO          247    i.interruptTimerADCCallback  interface_adc_pincinato.o
    0x080044ac   0x080044ac   0x0000001c   Code   RO          444    i.lcd_clear         lcd_driver.o
    0x080044c8   0x080044c8   0x00000068   Code   RO          445    i.lcd_init          lcd_driver.o
    0x08004530   0x08004530   0x00000080   Code   RO          447    i.lcd_setChar       lcd_driver.o
    0x080045b0   0x080045b0   0x0000001a   Code   RO          448    i.lcd_setContrast   lcd_driver.o
    0x080045ca   0x080045ca   0x00000002   PAD
    0x080045cc   0x080045cc   0x00000028   Code   RO          451    i.lcd_setPixel      lcd_driver.o
    0x080045f4   0x080045f4   0x00000040   Code   RO          452    i.lcd_setString     lcd_driver.o
    0x08004634   0x08004634   0x00000040   Code   RO          455    i.lcd_show          lcd_driver.o
    0x08004674   0x08004674   0x0000015c   Code   RO          702    i.main              main.o
    0x080047d0   0x080047d0   0x00000044   Code   RO          633    i.normalize         filter_math_pincinato.o
    0x08004814   0x08004814   0x0000008c   Code   RO           20    i.readAccel         interface_accel_pincinato.o
    0x080048a0   0x080048a0   0x00000010   Code   RO          456    i.registerSelect    lcd_driver.o
    0x080048b0   0x080048b0   0x00000028   Code   RO          457    i.sendData          lcd_driver.o
    0x080048d8   0x080048d8   0x00000028   Code   RO          458    i.sendInstruction   lcd_driver.o
    0x08004900   0x08004900   0x00000030   Code   RO           21    i.startACCELInterface  interface_accel_pincinato.o
    0x08004930   0x08004930   0x00000014   Code   RO          248    i.startADCInterface  interface_adc_pincinato.o
    0x08004944   0x08004944   0x00000030   Code   RO          250    i.updateHeartRate   interface_adc_pincinato.o
    0x08004974   0x08004974   0x00000038   Code   RO           23    i.valueToG          interface_accel_pincinato.o
    0x080049ac   0x080049ac   0x00000028   Data   RO          252    .constdata          interface_adc_pincinato.o
    0x080049d4   0x080049d4   0x00000394   Data   RO          460    .constdata          lcd_driver.o
    0x08004d68   0x08004d68   0x00000008   Data   RO         3932    .constdata          stm32f4xx_hal_dma.o
    0x08004d70   0x08004d70   0x00000010   Data   RO         4523    .constdata          system_stm32f4xx.o
    0x08004d80   0x08004d80   0x00000008   Data   RO         4524    .constdata          system_stm32f4xx.o
    0x08004d88   0x08004d88   0x00000020   Data   RO         4880    Region$$Table       anon$$obj.o


    Execution Region RW_IRAM1 (Exec base: 0x20000000, Load base: 0x08004da8, Size: 0x00002348, Max: 0x00020000, ABSOLUTE)

    Exec Addr    Load Addr    Size         Type   Attr      Idx    E Section Name        Object

    0x20000000   0x08004da8   0x00000008   Data   RW           25    .data               interface_accel_pincinato.o
    0x20000008   0x08004db0   0x00000008   Data   RW          253    .data               interface_adc_pincinato.o
    0x20000010   0x08004db8   0x0000000c   Data   RW          336    .data               interface_usart_pincinato.o
    0x2000001c   0x08004dc4   0x0000000c   Data   RW         4375    .data               stm32f4xx_hal.o
    0x20000028   0x08004dd0   0x00000004   Data   RW         4525    .data               system_stm32f4xx.o
    0x2000002c        -       0x0000013c   Zero   RW           24    .bss                interface_accel_pincinato.o
    0x20000168        -       0x00001988   Zero   RW          251    .bss                interface_adc_pincinato.o
    0x20001af0        -       0x00000200   Zero   RW          459    .bss                lcd_driver.o
    0x20001cf0        -       0x00000090   Zero   RW          786    .bss                adc.o
    0x20001d80        -       0x00000054   Zero   RW          857    .bss                i2c.o
    0x20001dd4        -       0x00000058   Zero   RW          899    .bss                spi.o
    0x20001e2c        -       0x00000078   Zero   RW          943    .bss                tim.o
    0x20001ea4        -       0x000000a0   Zero   RW          995    .bss                usart.o
    0x20001f44   0x08004dd4   0x00000004   PAD
    0x20001f48        -       0x00000400   Zero   RW            1    STACK               startup_stm32f446xx.o


==============================================================================

Image component sizes


      Code (inc. data)   RO Data    RW Data    ZI Data      Debug   Object Name

       336         74          0          0        144       2550   adc.o
        44          4          0          0          0        878   dma.o
       634         16          0          0          0       8612   filter_math_pincinato.o
       232         18          0          0          0       1111   gpio.o
       160         42          0          0         84       1849   i2c.o
       568         96          0          8        316     743098   interface_accel_pincinato.o
       580        100         40          8       6536       6922   interface_adc_pincinato.o
        76         12          0         12          0       4091   interface_usart_pincinato.o
       566         54        916          0        512      10994   lcd_driver.o
        18          0          0          0          0        586   lcd_pincinato.o
       554         82          0          0          0       4261   main.o
       168         40          0          0         88       1853   spi.o
        36          8        452          0       1024        896   startup_stm32f446xx.o
       180         28          0         12          0       5009   stm32f4xx_hal.o
      1314         58          0          0          0       7571   stm32f4xx_hal_adc.o
         2          0          0          0          0       1105   stm32f4xx_hal_adc_ex.o
       228         14          0          0          0      32701   stm32f4xx_hal_cortex.o
       752         16          8          0          0       4392   stm32f4xx_hal_dma.o
       430         42          0          0          0       2604   stm32f4xx_hal_gpio.o
      1960         38          0          0          0      13274   stm32f4xx_hal_i2c.o
       132          6          0          0          0       1034   stm32f4xx_hal_msp.o
       112         14          0          0          0       1412   stm32f4xx_hal_pwr_ex.o
       380         48          0          0          0       3686   stm32f4xx_hal_rcc.o
       988         34          0          0          0       2898   stm32f4xx_hal_rcc_ex.o
       670          0          0          0          0       4406   stm32f4xx_hal_spi.o
      1532         80          0          0          0      16872   stm32f4xx_hal_tim.o
        84          0          0          0          0       2662   stm32f4xx_hal_tim_ex.o
       782          8          0          0          0       2236   stm32f4xx_hal_uart.o
        94         28          0          0          0       6813   stm32f4xx_it.o
        12          0          0          0          0        992   structs_pincinato.o
        84         18         24          4          0       1347   system_stm32f4xx.o
       512         80          0          0        120       3445   tim.o
       232         60          0          0        160       2013   usart.o

    ----------------------------------------------------------------------
     14472       1118       1472         44       8988     904173   Object Totals
         0          0         32          0          0          0   (incl. Generated)
        20          0          0          0          4          0   (incl. Padding)

    ----------------------------------------------------------------------

      Code (inc. data)   RO Data    RW Data    ZI Data      Debug   Library Member Name

         0          0          0          0          0          0   entry.o
         0          0          0          0          0          0   entry10a.o
         0          0          0          0          0          0   entry11a.o
         8          4          0          0          0          0   entry2.o
         4          0          0          0          0          0   entry5.o
         0          0          0          0          0          0   entry7b.o
         0          0          0          0          0          0   entry8b.o
         8          4          0          0          0          0   entry9a.o
        30          0          0          0          0          0   handlers.o
        36          8          0          0          0         68   init.o
         0          0          0          0          0          0   iusefp.o
        30          0          0          0          0         68   llshl.o
        36          0          0          0          0         68   llsshr.o
        32          0          0          0          0         68   llushr.o
        36          0          0          0          0        108   memseta.o
      2276         86          0          0          0        520   printfa.o
        24          0          0          0          0         68   strcat.o
        44          0          0          0          0         80   uidiv.o
        98          0          0          0          0         92   uldiv.o
        48          0          0          0          0         68   cdrcmple.o
        56          0          0          0          0         88   d2f.o
       334          0          0          0          0        148   dadd.o
       222          0          0          0          0        100   ddiv.o
       186          0          0          0          0        176   depilogue.o
        48          0          0          0          0         68   dfixul.o
       228          0          0          0          0         96   dmul.o
        38          0          0          0          0         68   f2d.o
       110          0          0          0          0        168   fepilogue.o

    ----------------------------------------------------------------------
      3936        102          0          0          0       2120   Library Totals
         4          0          0          0          0          0   (incl. Padding)

    ----------------------------------------------------------------------

      Code (inc. data)   RO Data    RW Data    ZI Data      Debug   Library Name

      2662        102          0          0          0       1140   mc_w.l
      1270          0          0          0          0        980   mf_w.l

    ----------------------------------------------------------------------
      3936        102          0          0          0       2120   Library Totals

    ----------------------------------------------------------------------

==============================================================================


      Code (inc. data)   RO Data    RW Data    ZI Data      Debug   

     18408       1220       1472         44       8988     891357   Grand Totals
     18408       1220       1472         44       8988     891357   ELF Image Totals
     18408       1220       1472         44          0          0   ROM Totals

==============================================================================

    Total RO  Size (Code + RO Data)                19880 (  19.41kB)
    Total RW  Size (RW Data + ZI Data)              9032 (   8.82kB)
    Total ROM Size (Code + RO Data + RW Data)      19924 (  19.46kB)

==============================================================================

