<html>
<body>
<pre>
<h1>µVision Build Log</h1>
<h2>Tool Versions:</h2>
IDE-Version: µVision V5.25.2.0
Copyright (C) 2018 ARM Ltd and ARM Germany GmbH. All rights reserved.
License Information: thiago pincinato university of Bern Flex license: error obtaining information 
Tool Versions:
Toolchain:       MDK-Lite  Version: 5.25.2.0
Toolchain Path:  C:\Keil_v5\ARM\ARMCC\Bin
C Compiler:      Armcc.exe V5.06 update 6 (build 750)
Assembler:       Armasm.exe V5.06 update 6 (build 750)
Linker/Locator:  ArmLink.exe V5.06 update 6 (build 750)
Library Manager: ArmAr.exe V5.06 update 6 (build 750)
Hex Converter:   FromElf.exe V5.06 update 6 (build 750)
CPU DLL:         SARMCM3.DLL V5.25.2.0
Dialog DLL:      DCM.DLL V1.17.1.0
Target DLL:      STLink\ST-LINKIII-KEIL_SWO.dll V3.0.1.0
Dialog DLL:      TCM.DLL V1.35.1.0
 
<h2>Project:</h2>
C:\Users\THP\Desktop\Unibern\2018_02\Subjects\Programming_Microcontroller\Paeks\samples\CAN\MDK-ARM\CAN.uvprojx
Project File Date:  11/05/2018

<h2>Output:</h2>
*** Using Compiler 'V5.06 update 6 (build 750)', folder: 'C:\Keil_v5\ARM\ARMCC\Bin'
Build target 'CAN'
compiling main.c...
../Core/Src/main.c(102): warning:  #550-D: variable "txState"  was set but never used
  	uint32_t txState;
../Core/Src/main.c(198): warning:  #167-D: argument of type "uint8_t *" is incompatible with parameter of type "char *__restrict__"
  		strcpy(&txData[0],"Jimmy");
../Core/Src/main.c(201): warning:  #167-D: argument of type "uint8_t *" is incompatible with parameter of type "char *__restrict__"
  		strcpy(&txData[0],"est  ");
../Core/Src/main.c(204): warning:  #167-D: argument of type "uint8_t *" is incompatible with parameter of type "char *__restrict__"
  		strcpy(&txData[0],"......");
../Core/Src/main.c(182): warning:  #177-D: variable "i"  was declared but never referenced
    uint32_t i = 0;
../Core/Src/main.c: 5 warnings, 0 errors
linking...
Program Size: Code=5196 RO-data=500 RW-data=44 ZI-data=1316  
FromELF: creating hex file...
".\I2C\I2C.axf" - 0 Error(s), 5 Warning(s).

<h2>Software Packages used:</h2>

Package Vendor: ARM
                http://www.keil.com/pack/ARM.CMSIS.5.4.0.pack
                ARM.CMSIS.5.4.0
                CMSIS (Cortex Microcontroller Software Interface Standard)
   * Component: CORE Version: 5.1.2

Package Vendor: Keil
                http://www.keil.com/pack/Keil.STM32F4xx_DFP.2.13.0.pack
                Keil.STM32F4xx_DFP.2.13.0
                STMicroelectronics STM32F4 Series Device Support, Drivers and Examples

<h2>Collection of Component include folders:</h2>
  .\RTE\_CAN
  C:\Keil_v5\ARM\PACK\ARM\CMSIS\5.4.0\CMSIS\Core\Include
  C:\Keil_v5\ARM\PACK\Keil\STM32F4xx_DFP\2.13.0\Drivers\CMSIS\Device\ST\STM32F4xx\Include

<h2>Collection of Component Files used:</h2>

   * Component: ARM::CMSIS:CORE:5.1.2
Build Time Elapsed:  00:00:03
</pre>
</body>
</html>
